Component: ARM Compiler 5.06 update 6 (build 750) Tool: armlink [4d35ed]

==============================================================================

Section Cross References

    main.o(.text) refers to _printf_percent.o(.ARM.Collect$$_printf_percent$$00000000) for _printf_percent
    main.o(.text) refers to _printf_d.o(.ARM.Collect$$_printf_percent$$00000009) for _printf_d
    main.o(.text) refers to _printf_dec.o(.text) for _printf_int_dec
    main.o(.text) refers to _printf_f.o(.ARM.Collect$$_printf_percent$$00000003) for _printf_f
    main.o(.text) refers to printf1.o(x$fpl$printf1) for _printf_fp_dec
    main.o(.text) refers to delay.o(.text) for delay_init
    main.o(.text) refers to oled.o(.text) for OLED_Init
    main.o(.text) refers to timer.o(.text) for TIM2_Int_Init
    main.o(.text) refers to misc.o(.text) for NVIC_PriorityGroupConfig
    main.o(.text) refers to led.o(.text) for LED_Init
    main.o(.text) refers to beep.o(.text) for BEEP_Init
    main.o(.text) refers to bh1750.o(.text) for BH1750_Init
    main.o(.text) refers to usart.o(.text) for Usart1_Init
    main.o(.text) refers to esp8266.o(.text) for ESP8266_Init
    main.o(.text) refers to onenet.o(.text) for OneNet_DevLink
    main.o(.text) refers to dht11.o(.text) for DHT11_Read_Data
    main.o(.text) refers to __2sprintf.o(.text) for __2sprintf
    main.o(.text) refers to f2d.o(x$fpl$f2d) for __aeabi_f2d
    main.o(.text) refers to main.o(.data) for isOnWLAN
    main.o(.text) refers to main.o(.bss) for OledBuf
    main.o(.data) refers to main.o(.conststring) for .conststring
    system_stm32f10x.o(.text) refers to system_stm32f10x.o(.data) for SystemCoreClock
    led.o(.text) refers to stm32f10x_rcc.o(.text) for RCC_APB2PeriphClockCmd
    led.o(.text) refers to stm32f10x_gpio.o(.text) for GPIO_Init
    beep.o(.text) refers to stm32f10x_rcc.o(.text) for RCC_APB2PeriphClockCmd
    beep.o(.text) refers to stm32f10x_gpio.o(.text) for GPIO_Init
    oled.o(.text) refers to _printf_percent.o(.ARM.Collect$$_printf_percent$$00000000) for _printf_percent
    oled.o(.text) refers to _printf_c.o(.ARM.Collect$$_printf_percent$$00000013) for _printf_c
    oled.o(.text) refers to _printf_str.o(.text) for _printf_str
    oled.o(.text) refers to stm32f10x_rcc.o(.text) for RCC_APB2PeriphClockCmd
    oled.o(.text) refers to stm32f10x_gpio.o(.text) for GPIO_Init
    oled.o(.text) refers to ffix.o(x$fpl$ffix) for __aeabi_f2iz
    oled.o(.text) refers to fflt_clz.o(x$fpl$fflt) for __aeabi_i2f
    oled.o(.text) refers to fmul.o(x$fpl$fmul) for __aeabi_fmul
    oled.o(.text) refers to oled.o(.constdata) for OLED_F8x16
    oled.o(.text) refers to strlen.o(.text) for strlen
    oled.o(.text) refers to __2sprintf.o(.text) for __2sprintf
    dht11.o(.text) refers to delay.o(.text) for delay_ms
    dht11.o(.text) refers to stm32f10x_rcc.o(.text) for RCC_APB2PeriphClockCmd
    dht11.o(.text) refers to stm32f10x_gpio.o(.text) for GPIO_Init
    bh1750.o(.text) refers to stm32f10x_gpio.o(.text) for GPIO_SetBits
    bh1750.o(.text) refers to stm32f10x_rcc.o(.text) for RCC_APB2PeriphClockCmd
    bh1750.o(.text) refers to fflt_clz.o(x$fpl$ffltu) for __aeabi_ui2f
    bh1750.o(.text) refers to fdiv.o(x$fpl$fdiv) for __aeabi_fdiv
    bh1750.o(.text) refers to fmul.o(x$fpl$fmul) for __aeabi_fmul
    delay.o(.text) refers to misc.o(.text) for SysTick_CLKSourceConfig
    delay.o(.text) refers to system_stm32f10x.o(.data) for SystemCoreClock
    delay.o(.text) refers to delay.o(.data) for fac_us
    usart.o(.text) refers to stm32f10x_rcc.o(.text) for RCC_APB2PeriphClockCmd
    usart.o(.text) refers to stm32f10x_gpio.o(.text) for GPIO_Init
    usart.o(.text) refers to stm32f10x_usart.o(.text) for USART_Init
    usart.o(.text) refers to misc.o(.text) for NVIC_PriorityGroupConfig
    usart.o(.text) refers to c89vsnprintf.o(.text) for __c89vsnprintf
    timer.o(.text) refers to stm32f10x_rcc.o(.text) for RCC_APB1PeriphClockCmd
    timer.o(.text) refers to stm32f10x_tim.o(.text) for TIM_TimeBaseInit
    timer.o(.text) refers to misc.o(.text) for NVIC_Init
    timer.o(.text) refers to frleqf.o(x$fpl$frleqf) for __aeabi_cfrcmple
    timer.o(.text) refers to timer.o(.data) for temperature
    timer.o(.text) refers to main.o(.data) for light
    esp8266.o(.text) refers to _printf_percent.o(.ARM.Collect$$_printf_percent$$00000000) for _printf_percent
    esp8266.o(.text) refers to _printf_d.o(.ARM.Collect$$_printf_percent$$00000009) for _printf_d
    esp8266.o(.text) refers to _printf_dec.o(.text) for _printf_int_dec
    esp8266.o(.text) refers to rt_memclr.o(.text) for __aeabi_memclr
    esp8266.o(.text) refers to strlen.o(.text) for strlen
    esp8266.o(.text) refers to usart.o(.text) for Usart_SendString
    esp8266.o(.text) refers to strstr.o(.text) for strstr
    esp8266.o(.text) refers to delay.o(.text) for delay_ms
    esp8266.o(.text) refers to __2sprintf.o(.text) for __2sprintf
[...]
    cJSON_GetArraySize                       0x0800443f   Thumb Code    28  cjson.o(.text)
    cJSON_GetArrayItem                       0x08004479   Thumb Code    24  cjson.o(.text)
    cJSON_GetObjectItem                      0x080044e3   Thumb Code    18  cjson.o(.text)
    cJSON_GetObjectItemCaseSensitive         0x080044f5   Thumb Code    18  cjson.o(.text)
    cJSON_HasObjectItem                      0x08004507   Thumb Code    24  cjson.o(.text)
    cJSON_AddItemToArray                     0x08004597   Thumb Code    16  cjson.o(.text)
    cJSON_AddItemToObject                    0x08004623   Thumb Code    26  cjson.o(.text)
    cJSON_AddItemToObjectCS                  0x0800463d   Thumb Code    26  cjson.o(.text)
    cJSON_AddItemReferenceToArray            0x08004657   Thumb Code    32  cjson.o(.text)
    cJSON_AddItemReferenceToObject           0x08004677   Thumb Code    44  cjson.o(.text)
    cJSON_CreateNull                         0x080046a3   Thumb Code    20  cjson.o(.text)
    cJSON_AddNullToObject                    0x080046b7   Thumb Code    44  cjson.o(.text)
    cJSON_CreateTrue                         0x080046e3   Thumb Code    20  cjson.o(.text)
    cJSON_AddTrueToObject                    0x080046f7   Thumb Code    44  cjson.o(.text)
    cJSON_CreateFalse                        0x08004723   Thumb Code    20  cjson.o(.text)
    cJSON_AddFalseToObject                   0x08004737   Thumb Code    44  cjson.o(.text)
    cJSON_CreateBool                         0x08004763   Thumb Code    34  cjson.o(.text)
    cJSON_AddBoolToObject                    0x08004785   Thumb Code    48  cjson.o(.text)
    cJSON_CreateNumber                       0x080047b5   Thumb Code    82  cjson.o(.text)
    cJSON_AddNumberToObject                  0x08004807   Thumb Code    56  cjson.o(.text)
    cJSON_CreateString                       0x0800483f   Thumb Code    46  cjson.o(.text)
    cJSON_AddStringToObject                  0x0800486d   Thumb Code    48  cjson.o(.text)
    cJSON_CreateRaw                          0x0800489d   Thumb Code    46  cjson.o(.text)
    cJSON_AddRawToObject                     0x080048cb   Thumb Code    48  cjson.o(.text)
    cJSON_CreateObject                       0x080048fb   Thumb Code    20  cjson.o(.text)
    cJSON_AddObjectToObject                  0x0800490f   Thumb Code    44  cjson.o(.text)
    cJSON_CreateArray                        0x0800493b   Thumb Code    20  cjson.o(.text)
    cJSON_AddArrayToObject                   0x0800494f   Thumb Code    44  cjson.o(.text)
    cJSON_DetachItemViaPointer               0x0800497b   Thumb Code    64  cjson.o(.text)
    cJSON_DetachItemFromArray                0x080049bb   Thumb Code    34  cjson.o(.text)
    cJSON_DeleteItemFromArray                0x080049dd   Thumb Code    22  cjson.o(.text)
    cJSON_DetachItemFromObject               0x080049f3   Thumb Code    26  cjson.o(.text)
    cJSON_DetachItemFromObjectCaseSensitive  0x08004a0d   Thumb Code    26  cjson.o(.text)
    cJSON_DeleteItemFromObject               0x08004a27   Thumb Code    22  cjson.o(.text)
    cJSON_DeleteItemFromObjectCaseSensitive  0x08004a3d   Thumb Code    22  cjson.o(.text)
    cJSON_InsertItemInArray                  0x08004a53   Thumb Code    70  cjson.o(.text)
    cJSON_ReplaceItemViaPointer              0x08004a99   Thumb Code   100  cjson.o(.text)
    cJSON_ReplaceItemInArray                 0x08004afd   Thumb Code    42  cjson.o(.text)
    cJSON_ReplaceItemInObject                0x08004b91   Thumb Code    22  cjson.o(.text)
    cJSON_ReplaceItemInObjectCaseSensitive   0x08004ba7   Thumb Code    22  cjson.o(.text)
    cJSON_CreateStringReference              0x08004bbd   Thumb Code    32  cjson.o(.text)
    cJSON_CreateObjectReference              0x08004bdd   Thumb Code    32  cjson.o(.text)
    cJSON_CreateArrayReference               0x08004bfd   Thumb Code    32  cjson.o(.text)
    cJSON_CreateIntArray                     0x08004c1d   Thumb Code   110  cjson.o(.text)
    cJSON_CreateFloatArray                   0x08004c8b   Thumb Code   110  cjson.o(.text)
    cJSON_CreateDoubleArray                  0x08004cf9   Thumb Code   106  cjson.o(.text)
    cJSON_CreateStringArray                  0x08004d63   Thumb Code   100  cjson.o(.text)
    cJSON_Duplicate                          0x08004dc7   Thumb Code   188  cjson.o(.text)
    cJSON_Minify                             0x08004f53   Thumb Code   160  cjson.o(.text)
    cJSON_IsInvalid                          0x08004ff3   Thumb Code    20  cjson.o(.text)
    cJSON_IsFalse                            0x08005007   Thumb Code    20  cjson.o(.text)
    cJSON_IsTrue                             0x0800501b   Thumb Code    22  cjson.o(.text)
    cJSON_IsBool                             0x08005031   Thumb Code    24  cjson.o(.text)
    cJSON_IsNull                             0x08005049   Thumb Code    22  cjson.o(.text)
    cJSON_IsArray                            0x0800505f   Thumb Code    22  cjson.o(.text)
    cJSON_IsObject                           0x08005075   Thumb Code    22  cjson.o(.text)
    cJSON_IsRaw                              0x0800508b   Thumb Code    22  cjson.o(.text)
    cJSON_Compare                            0x080050a1   Thumb Code   384  cjson.o(.text)
    cJSON_malloc                             0x08005221   Thumb Code    14  cjson.o(.text)
    Reset_Handler                            0x08005235   Thumb Code     8  startup_stm32f10x_md.o(.text)
    ADC1_2_IRQHandler                        0x0800524f   Thumb Code     0  startup_stm32f10x_md.o(.text)
    CAN1_RX1_IRQHandler                      0x0800524f   Thumb Code     0  startup_stm32f10x_md.o(.text)
    CAN1_SCE_IRQHandler                      0x0800524f   Thumb Code     0  startup_stm32f10x_md.o(.text)
    DMA1_Channel1_IRQHandler                 0x0800524f   Thumb Code     0  startup_stm32f10x_md.o(.text)
    DMA1_Channel2_IRQHandler                 0x0800524f   Thumb Code     0  startup_stm32f10x_md.o(.text)
    DMA1_Channel3_IRQHandler                 0x0800524f   Thumb Code     0  startup_stm32f10x_md.o(.text)
    DMA1_Channel4_IRQHandler                 0x0800524f   Thumb Code     0  startup_stm32f10x_md.o(.text)
    DMA1_Channel5_IRQHandler                 0x0800524f   Thumb Code     0  startup_stm32f10x_md.o(.text)
    DMA1_Channel6_IRQHandler                 0x0800524f   Thumb Code     0  startup_stm32f10x_md.o(.text)
    DMA1_Channel7_IRQHandler                 0x0800524f   Thumb Code     0  startup_stm32f10x_md.o(.text)
    EXTI0_IRQHandler                         0x0800524f   Thumb Code     0  startup_stm32f10x_md.o(.text)
    EXTI15_10_IRQHandler                     0x0800524f   Thumb Code     0  startup_stm32f10x_md.o(.text)
    EXTI1_IRQHandler                         0x0800524f   Thumb Code     0  startup_stm32f10x_md.o(.text)
    EXTI2_IRQHandler                         0x0800524f   Thumb Code     0  startup_stm32f10x_md.o(.text)
    EXTI3_IRQHandler                         0x0800524f   Thumb Code     0  startup_stm32f10x_md.o(.text)
    EXTI4_IRQHandler                         0x0800524f   Thumb Code     0  startup_stm32f10x_md.o(.text)
    EXTI9_5_IRQHandler                       0x0800524f   Thumb Code     0  startup_stm32f10x_md.o(.text)
    FLASH_IRQHandler                         0x0800524f   Thumb Code     0  startup_stm32f10x_md.o(.text)
    I2C1_ER_IRQHandler                       0x0800524f   Thumb Code     0  startup_stm32f10x_md.o(.text)
    I2C1_EV_IRQHandler                       0x0800524f   Thumb Code     0  startup_stm32f10x_md.o(.text)
    I2C2_ER_IRQHandler                       0x0800524f   Thumb Code     0  startup_stm32f10x_md.o(.text)
    I2C2_EV_IRQHandler                       0x0800524f   Thumb Code     0  startup_stm32f10x_md.o(.text)
    PVD_IRQHandler                           0x0800524f   Thumb Code     0  startup_stm32f10x_md.o(.text)
    RCC_IRQHandler                           0x0800524f   Thumb Code     0  startup_stm32f10x_md.o(.text)
    RTCAlarm_IRQHandler                      0x0800524f   Thumb Code     0  startup_stm32f10x_md.o(.text)
    RTC_IRQHandler                           0x0800524f   Thumb Code     0  startup_stm32f10x_md.o(.text)
    SPI1_IRQHandler                          0x0800524f   Thumb Code     0  startup_stm32f10x_md.o(.text)
    SPI2_IRQHandler                          0x0800524f   Thumb Code     0  startup_stm32f10x_md.o(.text)
    TAMPER_IRQHandler                        0x0800524f   Thumb Code     0  startup_stm32f10x_md.o(.text)
    TIM1_BRK_IRQHandler                      0x0800524f   Thumb Code     0  startup_stm32f10x_md.o(.text)
    TIM1_CC_IRQHandler                       0x0800524f   Thumb Code     0  startup_stm32f10x_md.o(.text)
    TIM1_TRG_COM_IRQHandler                  0x0800524f   Thumb Code     0  startup_stm32f10x_md.o(.text)
    TIM1_UP_IRQHandler                       0x0800524f   Thumb Code     0  startup_stm32f10x_md.o(.text)
    TIM3_IRQHandler                          0x0800524f   Thumb Code     0  startup_stm32f10x_md.o(.text)
    TIM4_IRQHandler                          0x0800524f   Thumb Code     0  startup_stm32f10x_md.o(.text)
    USART3_IRQHandler                        0x0800524f   Thumb Code     0  startup_stm32f10x_md.o(.text)
    USBWakeUp_IRQHandler                     0x0800524f   Thumb Code     0  startup_stm32f10x_md.o(.text)
    USB_HP_CAN1_TX_IRQHandler                0x0800524f   Thumb Code     0  startup_stm32f10x_md.o(.text)
    USB_LP_CAN1_RX0_IRQHandler               0x0800524f   Thumb Code     0  startup_stm32f10x_md.o(.text)
    WWDG_IRQHandler                          0x0800524f   Thumb Code     0  startup_stm32f10x_md.o(.text)
    __user_initial_stackheap                 0x08005251   Thumb Code     0  startup_stm32f10x_md.o(.text)
    NVIC_PriorityGroupConfig                 0x08005275   Thumb Code    10  misc.o(.text)
    NVIC_Init                                0x0800527f   Thumb Code   100  misc.o(.text)
    NVIC_SetVectorTable                      0x080052e3   Thumb Code    14  misc.o(.text)
    NVIC_SystemLPConfig                      0x080052f1   Thumb Code    34  misc.o(.text)
    SysTick_CLKSourceConfig                  0x08005313   Thumb Code    40  misc.o(.text)
    GPIO_DeInit                              0x08005351   Thumb Code   172  stm32f10x_gpio.o(.text)
    GPIO_AFIODeInit                          0x080053fd   Thumb Code    20  stm32f10x_gpio.o(.text)
    GPIO_Init                                0x08005411   Thumb Code   278  stm32f10x_gpio.o(.text)
    GPIO_StructInit                          0x08005527   Thumb Code    16  stm32f10x_gpio.o(.text)
    GPIO_ReadInputDataBit                    0x08005537   Thumb Code    18  stm32f10x_gpio.o(.text)
    GPIO_ReadInputData                       0x08005549   Thumb Code     8  stm32f10x_gpio.o(.text)
    GPIO_ReadOutputDataBit                   0x08005551   Thumb Code    18  stm32f10x_gpio.o(.text)
    GPIO_ReadOutputData                      0x08005563   Thumb Code     8  stm32f10x_gpio.o(.text)
    GPIO_SetBits                             0x0800556b   Thumb Code     4  stm32f10x_gpio.o(.text)
    GPIO_ResetBits                           0x0800556f   Thumb Code     4  stm32f10x_gpio.o(.text)
    GPIO_WriteBit                            0x08005573   Thumb Code    10  stm32f10x_gpio.o(.text)
    GPIO_Write                               0x0800557d   Thumb Code     4  stm32f10x_gpio.o(.text)
    GPIO_PinLockConfig                       0x08005581   Thumb Code    18  stm32f10x_gpio.o(.text)
    GPIO_EventOutputConfig                   0x08005593   Thumb Code    26  stm32f10x_gpio.o(.text)
    GPIO_EventOutputCmd                      0x080055ad   Thumb Code     6  stm32f10x_gpio.o(.text)
    GPIO_PinRemapConfig                      0x080055b3   Thumb Code   138  stm32f10x_gpio.o(.text)
    GPIO_EXTILineConfig                      0x0800563d   Thumb Code    66  stm32f10x_gpio.o(.text)
    GPIO_ETH_MediaInterfaceConfig            0x0800567f   Thumb Code     8  stm32f10x_gpio.o(.text)
    RCC_DeInit                               0x080056ad   Thumb Code    64  stm32f10x_rcc.o(.text)
    RCC_HSEConfig                            0x080056ed   Thumb Code    70  stm32f10x_rcc.o(.text)
    RCC_GetFlagStatus                        0x08005733   Thumb Code    56  stm32f10x_rcc.o(.text)
    RCC_WaitForHSEStartUp                    0x0800576b   Thumb Code    56  stm32f10x_rcc.o(.text)
    RCC_AdjustHSICalibrationValue            0x080057a3   Thumb Code    20  stm32f10x_rcc.o(.text)
    RCC_HSICmd                               0x080057b7   Thumb Code     6  stm32f10x_rcc.o(.text)
    RCC_PLLConfig                            0x080057bd   Thumb Code    24  stm32f10x_rcc.o(.text)
    RCC_PLLCmd                               0x080057d5   Thumb Code     6  stm32f10x_rcc.o(.text)
    RCC_SYSCLKConfig                         0x080057db   Thumb Code    18  stm32f10x_rcc.o(.text)
    RCC_GetSYSCLKSource                      0x080057ed   Thumb Code    10  stm32f10x_rcc.o(.text)
    RCC_HCLKConfig                           0x080057f7   Thumb Code    18  stm32f10x_rcc.o(.text)
    RCC_PCLK1Config                          0x08005809   Thumb Code    18  stm32f10x_rcc.o(.text)
    RCC_PCLK2Config                          0x0800581b   Thumb Code    20  stm32f10x_rcc.o(.text)
    RCC_ITConfig                             0x0800582f   Thumb Code    26  stm32f10x_rcc.o(.text)
    RCC_USBCLKConfig                         0x08005849   Thumb Code     8  stm32f10x_rcc.o(.text)
    RCC_ADCCLKConfig                         0x08005851   Thumb Code    18  stm32f10x_rcc.o(.text)
    RCC_LSEConfig                            0x08005863   Thumb Code    50  stm32f10x_rcc.o(.text)
    RCC_LSICmd                               0x08005895   Thumb Code     6  stm32f10x_rcc.o(.text)
    RCC_RTCCLKConfig                         0x0800589b   Thumb Code    12  stm32f10x_rcc.o(.text)
    RCC_RTCCLKCmd                            0x080058a7   Thumb Code     8  stm32f10x_rcc.o(.text)
    RCC_GetClocksFreq                        0x080058af   Thumb Code   192  stm32f10x_rcc.o(.text)
    RCC_AHBPeriphClockCmd                    0x0800596f   Thumb Code    26  stm32f10x_rcc.o(.text)
    RCC_APB2PeriphClockCmd                   0x08005989   Thumb Code    26  stm32f10x_rcc.o(.text)
    RCC_APB1PeriphClockCmd                   0x080059a3   Thumb Code    26  stm32f10x_rcc.o(.text)
    RCC_APB2PeriphResetCmd                   0x080059bd   Thumb Code    26  stm32f10x_rcc.o(.text)
    RCC_APB1PeriphResetCmd                   0x080059d7   Thumb Code    26  stm32f10x_rcc.o(.text)
    RCC_BackupResetCmd                       0x080059f1   Thumb Code     8  stm32f10x_rcc.o(.text)
    RCC_ClockSecuritySystemCmd               0x080059f9   Thumb Code     6  stm32f10x_rcc.o(.text)
    RCC_MCOConfig                            0x080059ff   Thumb Code     6  stm32f10x_rcc.o(.text)
    RCC_ClearFlag                            0x08005a05   Thumb Code    14  stm32f10x_rcc.o(.text)
    RCC_GetITStatus                          0x08005a13   Thumb Code    20  stm32f10x_rcc.o(.text)
    RCC_ClearITPendingBit                    0x08005a27   Thumb Code     6  stm32f10x_rcc.o(.text)
    USART_DeInit                             0x08005a51   Thumb Code   134  stm32f10x_usart.o(.text)
    USART_Init                               0x08005ad7   Thumb Code   210  stm32f10x_usart.o(.text)
    USART_StructInit                         0x08005ba9   Thumb Code    24  stm32f10x_usart.o(.text)
    USART_ClockInit                          0x08005bc1   Thumb Code    34  stm32f10x_usart.o(.text)
    USART_ClockStructInit                    0x08005be3   Thumb Code    12  stm32f10x_usart.o(.text)
    USART_Cmd                                0x08005bef   Thumb Code    24  stm32f10x_usart.o(.text)
    USART_ITConfig                           0x08005c07   Thumb Code    74  stm32f10x_usart.o(.text)
    USART_DMACmd                             0x08005c51   Thumb Code    18  stm32f10x_usart.o(.text)
    USART_SetAddress                         0x08005c63   Thumb Code    18  stm32f10x_usart.o(.text)
    USART_WakeUpConfig                       0x08005c75   Thumb Code    18  stm32f10x_usart.o(.text)
    USART_ReceiverWakeUpCmd                  0x08005c87   Thumb Code    24  stm32f10x_usart.o(.text)
    USART_LINBreakDetectLengthConfig         0x08005c9f   Thumb Code    18  stm32f10x_usart.o(.text)
    USART_LINCmd                             0x08005cb1   Thumb Code    24  stm32f10x_usart.o(.text)
    USART_SendData                           0x08005cc9   Thumb Code     8  stm32f10x_usart.o(.text)
    USART_ReceiveData                        0x08005cd1   Thumb Code    10  stm32f10x_usart.o(.text)
    USART_SendBreak                          0x08005cdb   Thumb Code    10  stm32f10x_usart.o(.text)
    USART_SetGuardTime                       0x08005ce5   Thumb Code    16  stm32f10x_usart.o(.text)
    USART_SetPrescaler                       0x08005cf5   Thumb Code    16  stm32f10x_usart.o(.text)
    USART_SmartCardCmd                       0x08005d05   Thumb Code    24  stm32f10x_usart.o(.text)
    USART_SmartCardNACKCmd                   0x08005d1d   Thumb Code    24  stm32f10x_usart.o(.text)
    USART_HalfDuplexCmd                      0x08005d35   Thumb Code    24  stm32f10x_usart.o(.text)
    USART_OverSampling8Cmd                   0x08005d4d   Thumb Code    22  stm32f10x_usart.o(.text)
    USART_OneBitMethodCmd                    0x08005d63   Thumb Code    24  stm32f10x_usart.o(.text)
    USART_IrDAConfig                         0x08005d7b   Thumb Code    18  stm32f10x_usart.o(.text)
    USART_IrDACmd                            0x08005d8d   Thumb Code    24  stm32f10x_usart.o(.text)
    USART_GetFlagStatus                      0x08005da5   Thumb Code    26  stm32f10x_usart.o(.text)
    USART_ClearFlag                          0x08005dbf   Thumb Code    18  stm32f10x_usart.o(.text)
    USART_GetITStatus                        0x08005dd1   Thumb Code    84  stm32f10x_usart.o(.text)
    USART_ClearITPendingBit                  0x08005e25   Thumb Code    52  stm32f10x_usart.o(.text)
    TIM_DeInit                               0x08005e59   Thumb Code   424  stm32f10x_tim.o(.text)
    TIM_TimeBaseInit                         0x08006001   Thumb Code   122  stm32f10x_tim.o(.text)
    TIM_OC1Init                              0x0800607b   Thumb Code   132  stm32f10x_tim.o(.text)
    TIM_OC2Init                              0x080060ff   Thumb Code   154  stm32f10x_tim.o(.text)
    TIM_OC3Init                              0x08006199   Thumb Code   150  stm32f10x_tim.o(.text)
    TIM_OC4Init                              0x0800622f   Thumb Code   182  stm32f10x_tim.o(.text)
    TIM_SetIC4Prescaler                      0x080062e5   Thumb Code    26  stm32f10x_tim.o(.text)
    TIM_SetIC3Prescaler                      0x08006381   Thumb Code    18  stm32f10x_tim.o(.text)
    TIM_SetIC2Prescaler                      0x0800640d   Thumb Code    26  stm32f10x_tim.o(.text)
    TIM_SetIC1Prescaler                      0x080064a9   Thumb Code    18  stm32f10x_tim.o(.text)
    TIM_ICInit                               0x08006527   Thumb Code   150  stm32f10x_tim.o(.text)
    TIM_PWMIConfig                           0x080065bd   Thumb Code   124  stm32f10x_tim.o(.text)
    TIM_BDTRConfig                           0x08006639   Thumb Code    32  stm32f10x_tim.o(.text)
    TIM_TimeBaseStructInit                   0x08006659   Thumb Code    18  stm32f10x_tim.o(.text)
    TIM_OCStructInit                         0x0800666b   Thumb Code    20  stm32f10x_tim.o(.text)
    TIM_ICStructInit                         0x0800667f   Thumb Code    18  stm32f10x_tim.o(.text)
    TIM_BDTRStructInit                       0x08006691   Thumb Code    40  stm32f10x_tim.o(.text)
    TIM_Cmd                                  0x080066b9   Thumb Code    24  stm32f10x_tim.o(.text)
    TIM_CtrlPWMOutputs                       0x080066d1   Thumb Code    30  stm32f10x_tim.o(.text)
    TIM_ITConfig                             0x080066ef   Thumb Code    18  stm32f10x_tim.o(.text)
    TIM_GenerateEvent                        0x08006701   Thumb Code     4  stm32f10x_tim.o(.text)
    TIM_DMAConfig                            0x08006705   Thumb Code    10  stm32f10x_tim.o(.text)
    TIM_DMACmd                               0x0800670f   Thumb Code    18  stm32f10x_tim.o(.text)
    TIM_InternalClockConfig                  0x08006721   Thumb Code    12  stm32f10x_tim.o(.text)
    TIM_SelectInputTrigger                   0x0800672d   Thumb Code    18  stm32f10x_tim.o(.text)
    TIM_ITRxExternalClockConfig              0x0800673f   Thumb Code    24  stm32f10x_tim.o(.text)
    TIM_TIxExternalClockConfig               0x08006757   Thumb Code    62  stm32f10x_tim.o(.text)
    TIM_ETRConfig                            0x08006795   Thumb Code    28  stm32f10x_tim.o(.text)
    TIM_ETRClockMode1Config                  0x080067b1   Thumb Code    54  stm32f10x_tim.o(.text)
    TIM_ETRClockMode2Config                  0x080067e7   Thumb Code    32  stm32f10x_tim.o(.text)
    TIM_PrescalerConfig                      0x08006807   Thumb Code     6  stm32f10x_tim.o(.text)
    TIM_CounterModeConfig                    0x0800680d   Thumb Code    18  stm32f10x_tim.o(.text)
    TIM_EncoderInterfaceConfig               0x0800681f   Thumb Code    66  stm32f10x_tim.o(.text)
    TIM_ForcedOC1Config                      0x08006861   Thumb Code    18  stm32f10x_tim.o(.text)
    TIM_ForcedOC2Config                      0x08006873   Thumb Code    26  stm32f10x_tim.o(.text)
    TIM_ForcedOC3Config                      0x0800688d   Thumb Code    18  stm32f10x_tim.o(.text)
    TIM_ForcedOC4Config                      0x0800689f   Thumb Code    26  stm32f10x_tim.o(.text)
    TIM_ARRPreloadConfig                     0x080068b9   Thumb Code    24  stm32f10x_tim.o(.text)
    TIM_SelectCOM                            0x080068d1   Thumb Code    24  stm32f10x_tim.o(.text)
    TIM_SelectCCDMA                          0x080068e9   Thumb Code    24  stm32f10x_tim.o(.text)
    TIM_CCPreloadControl                     0x08006901   Thumb Code    24  stm32f10x_tim.o(.text)
    TIM_OC1PreloadConfig                     0x08006919   Thumb Code    18  stm32f10x_tim.o(.text)
    TIM_OC2PreloadConfig                     0x0800692b   Thumb Code    26  stm32f10x_tim.o(.text)
    TIM_OC3PreloadConfig                     0x08006945   Thumb Code    18  stm32f10x_tim.o(.text)
    TIM_OC4PreloadConfig                     0x08006957   Thumb Code    26  stm32f10x_tim.o(.text)
    TIM_OC1FastConfig                        0x08006971   Thumb Code    18  stm32f10x_tim.o(.text)
    TIM_OC2FastConfig                        0x08006983   Thumb Code    26  stm32f10x_tim.o(.text)
    TIM_OC3FastConfig                        0x0800699d   Thumb Code    18  stm32f10x_tim.o(.text)
    TIM_OC4FastConfig                        0x080069af   Thumb Code    26  stm32f10x_tim.o(.text)
    TIM_ClearOC1Ref                          0x080069c9   Thumb Code    18  stm32f10x_tim.o(.text)
    TIM_ClearOC2Ref                          0x080069db   Thumb Code    24  stm32f10x_tim.o(.text)
    TIM_ClearOC3Ref                          0x080069f3   Thumb Code    18  stm32f10x_tim.o(.text)
    TIM_ClearOC4Ref                          0x08006a05   Thumb Code    24  stm32f10x_tim.o(.text)
    TIM_OC1PolarityConfig                    0x08006a1d   Thumb Code    18  stm32f10x_tim.o(.text)
    TIM_OC1NPolarityConfig                   0x08006a2f   Thumb Code    18  stm32f10x_tim.o(.text)
    TIM_OC2PolarityConfig                    0x08006a41   Thumb Code    26  stm32f10x_tim.o(.text)
    TIM_OC2NPolarityConfig                   0x08006a5b   Thumb Code    26  stm32f10x_tim.o(.text)
    TIM_OC3PolarityConfig                    0x08006a75   Thumb Code    26  stm32f10x_tim.o(.text)
    TIM_OC3NPolarityConfig                   0x08006a8f   Thumb Code    26  stm32f10x_tim.o(.text)
    TIM_OC4PolarityConfig                    0x08006aa9   Thumb Code    26  stm32f10x_tim.o(.text)
    TIM_CCxCmd                               0x08006ac3   Thumb Code    30  stm32f10x_tim.o(.text)
    TIM_CCxNCmd                              0x08006ae1   Thumb Code    30  stm32f10x_tim.o(.text)
    TIM_SelectOCxM                           0x08006aff   Thumb Code    82  stm32f10x_tim.o(.text)
    TIM_UpdateDisableConfig                  0x08006b51   Thumb Code    24  stm32f10x_tim.o(.text)
    TIM_UpdateRequestConfig                  0x08006b69   Thumb Code    24  stm32f10x_tim.o(.text)
    TIM_SelectHallSensor                     0x08006b81   Thumb Code    24  stm32f10x_tim.o(.text)
    TIM_SelectOnePulseMode                   0x08006b99   Thumb Code    18  stm32f10x_tim.o(.text)
    TIM_SelectOutputTrigger                  0x08006bab   Thumb Code    18  stm32f10x_tim.o(.text)
    TIM_SelectSlaveMode                      0x08006bbd   Thumb Code    18  stm32f10x_tim.o(.text)
    TIM_SelectMasterSlaveMode                0x08006bcf   Thumb Code    18  stm32f10x_tim.o(.text)
    TIM_SetCounter                           0x08006be1   Thumb Code     4  stm32f10x_tim.o(.text)
    TIM_SetAutoreload                        0x08006be5   Thumb Code     4  stm32f10x_tim.o(.text)
    TIM_SetCompare1                          0x08006be9   Thumb Code     4  stm32f10x_tim.o(.text)
    TIM_SetCompare2                          0x08006bed   Thumb Code     4  stm32f10x_tim.o(.text)
    TIM_SetCompare3                          0x08006bf1   Thumb Code     4  stm32f10x_tim.o(.text)
    TIM_SetCompare4                          0x08006bf5   Thumb Code     6  stm32f10x_tim.o(.text)
    TIM_SetClockDivision                     0x08006bfb   Thumb Code    18  stm32f10x_tim.o(.text)
    TIM_GetCapture1                          0x08006c0d   Thumb Code     6  stm32f10x_tim.o(.text)
    TIM_GetCapture2                          0x08006c13   Thumb Code     6  stm32f10x_tim.o(.text)
    TIM_GetCapture3                          0x08006c19   Thumb Code     6  stm32f10x_tim.o(.text)
    TIM_GetCapture4                          0x08006c1f   Thumb Code     8  stm32f10x_tim.o(.text)
    TIM_GetCounter                           0x08006c27   Thumb Code     6  stm32f10x_tim.o(.text)
    TIM_GetPrescaler                         0x08006c2d   Thumb Code     6  stm32f10x_tim.o(.text)
    TIM_GetFlagStatus                        0x08006c33   Thumb Code    18  stm32f10x_tim.o(.text)
    TIM_ClearFlag                            0x08006c45   Thumb Code     6  stm32f10x_tim.o(.text)
    TIM_GetITStatus                          0x08006c4b   Thumb Code    34  stm32f10x_tim.o(.text)
    TIM_ClearITPendingBit                    0x08006c6d   Thumb Code     6  stm32f10x_tim.o(.text)
    malloc                                   0x08006c73   Thumb Code    94  h1_alloc.o(.text)
    free                                     0x08006cd1   Thumb Code    78  h1_free.o(.text)
    realloc                                  0x08006d1f   Thumb Code   184  h1_realloc.o(.text)
    tolower                                  0x08006dd7   Thumb Code    26  tolower.o(.text)
    __c89vsnprintf                           0x08006df1   Thumb Code    48  c89vsnprintf.o(.text)
    __2sprintf                               0x08006e25   Thumb Code    38  __2sprintf.o(.text)
    _printf_pre_padding                      0x08006e51   Thumb Code    44  _printf_pad.o(.text)
    _printf_post_padding                     0x08006e7d   Thumb Code    34  _printf_pad.o(.text)
    _printf_str                              0x08006e9f   Thumb Code    82  _printf_str.o(.text)
    _printf_int_dec                          0x08006ef1   Thumb Code   104  _printf_dec.o(.text)
    _printf_longlong_hex                     0x08006f69   Thumb Code    86  _printf_hex_int_ll_ptr.o(.text)
    _printf_int_hex                          0x08006fbf   Thumb Code    28  _printf_hex_int_ll_ptr.o(.text)
    _printf_ll_hex                           0x08006fdb   Thumb Code    12  _printf_hex_int_ll_ptr.o(.text)
    _printf_hex_ptr                          0x08006fe7   Thumb Code    18  _printf_hex_int_ll_ptr.o(.text)
    __printf                                 0x08006ffd   Thumb Code   388  __printf_flags_ss_wp.o(.text)
    __0sscanf                                0x08007185   Thumb Code    52  __0sscanf.o(.text)
    atoi                                     0x080071c1   Thumb Code    26  atoi.o(.text)
    strchr                                   0x080071db   Thumb Code    20  strchr.o(.text)
    strncat                                  0x080071ef   Thumb Code    36  strncat.o(.text)
    strstr                                   0x08007213   Thumb Code    36  strstr.o(.text)
    strcpy                                   0x08007237   Thumb Code    72  strcpy.o(.text)
    strlen                                   0x0800727f   Thumb Code    62  strlen.o(.text)
    strncmp                                  0x080072bd   Thumb Code   150  strncmp.o(.text)
    __aeabi_memcpy                           0x08007353   Thumb Code     0  rt_memcpy_v6.o(.text)
    __rt_memcpy                              0x08007353   Thumb Code   138  rt_memcpy_v6.o(.text)
    _memcpy_lastbytes                        0x080073b9   Thumb Code     0  rt_memcpy_v6.o(.text)
    __aeabi_memcpy4                          0x080073dd   Thumb Code     0  rt_memcpy_w.o(.text)
    __aeabi_memcpy8                          0x080073dd   Thumb Code     0  rt_memcpy_w.o(.text)
    __rt_memcpy_w                            0x080073dd   Thumb Code   100  rt_memcpy_w.o(.text)
    _memcpy_lastbytes_aligned                0x08007425   Thumb Code     0  rt_memcpy_w.o(.text)
    __aeabi_memclr                           0x08007441   Thumb Code     0  rt_memclr.o(.text)
    __rt_memclr                              0x08007441   Thumb Code    68  rt_memclr.o(.text)
    _memset                                  0x08007445   Thumb Code     0  rt_memclr.o(.text)
    __aeabi_memclr4                          0x08007485   Thumb Code     0  rt_memclr_w.o(.text)
    __aeabi_memclr8                          0x08007485   Thumb Code     0  rt_memclr_w.o(.text)
    __rt_memclr_w                            0x08007485   Thumb Code    78  rt_memclr_w.o(.text)
    _memset_w                                0x08007489   Thumb Code     0  rt_memclr_w.o(.text)
    strcmp                                   0x080074d5   Thumb Code   128  strcmpv7m.o(.text)
    __use_two_region_memory                  0x08007555   Thumb Code     2  heapauxi.o(.text)
    __rt_heap_escrow                         0x08007557   Thumb Code     2  heapauxi.o(.text)
    __rt_heap_expand                         0x08007559   Thumb Code     2  heapauxi.o(.text)
    __rt_ctype_table                         0x0800755d   Thumb Code    16  rt_ctype_table.o(.text)
    __rt_heap_descriptor                     0x0800756d   Thumb Code     8  rt_heap_descriptor_intlibspace.o(.text)
    __aeabi_errno_addr                       0x08007575   Thumb Code     8  rt_errno_addr_intlibspace.o(.text)
    __errno$intlibspace                      0x08007575   Thumb Code     0  rt_errno_addr_intlibspace.o(.text)
    __rt_errno_addr$intlibspace              0x08007575   Thumb Code     0  rt_errno_addr_intlibspace.o(.text)
    __use_no_heap                            0x0800757d   Thumb Code     2  hguard.o(.text)
    __heap$guard                             0x0800757f   Thumb Code     2  hguard.o(.text)
    _terminate_user_alloc                    0x08007581   Thumb Code     2  init_alloc.o(.text)
    _init_user_alloc                         0x08007583   Thumb Code     2  init_alloc.o(.text)
    __Heap_Full                              0x08007585   Thumb Code    34  init_alloc.o(.text)
    __Heap_Broken                            0x080075a7   Thumb Code     6  init_alloc.o(.text)
    _init_alloc                              0x080075ad   Thumb Code    94  init_alloc.o(.text)
    __Heap_Initialize                        0x0800760b   Thumb Code    10  h1_init.o(.text)
    __Heap_DescSize                          0x08007615   Thumb Code     4  h1_init.o(.text)
    _printf_truncate_signed                  0x08007619   Thumb Code    18  _printf_truncate.o(.text)
    _printf_truncate_unsigned                0x0800762b   Thumb Code    18  _printf_truncate.o(.text)
    _printf_int_common                       0x0800763d   Thumb Code   178  _printf_intcommon.o(.text)
    _printf_charcount                        0x080076ef   Thumb Code    40  _printf_charcount.o(.text)
    __lib_sel_fp_printf                      0x08007717   Thumb Code     2  _printf_fp_dec.o(.text)
    _printf_fp_dec_real                      0x080078c9   Thumb Code   620  _printf_fp_dec.o(.text)
    _printf_char_common                      0x08007b3f   Thumb Code    32  _printf_char_common.o(.text)
    _sputc                                   0x08007b65   Thumb Code    10  _sputc.o(.text)
    _snputc                                  0x08007b6f   Thumb Code    16  _snputc.o(.text)
    _printf_cs_common                        0x08007b7f   Thumb Code    20  _printf_char.o(.text)
    _printf_char                             0x08007b93   Thumb Code    16  _printf_char.o(.text)
    _printf_string                           0x08007ba3   Thumb Code     8  _printf_char.o(.text)
    _printf_wctomb                           0x08007bad   Thumb Code   182  _printf_wctomb.o(.text)
    _printf_longlong_dec                     0x08007c69   Thumb Code   108  _printf_longlong_dec.o(.text)
    _printf_longlong_oct                     0x08007ce5   Thumb Code    66  _printf_oct_int_ll.o(.text)
    _printf_int_oct                          0x08007d27   Thumb Code    24  _printf_oct_int_ll.o(.text)
    _printf_ll_oct                           0x08007d3f   Thumb Code    12  _printf_oct_int_ll.o(.text)
    _scanf_really_real                       0x08007fa1   Thumb Code   684  scanf_fp.o(.text)
    __vfscanf_char                           0x08008259   Thumb Code    24  scanf_char.o(.text)
    _sgetc                                   0x08008279   Thumb Code    30  _sgetc.o(.text)
    _sbackspace                              0x08008297   Thumb Code    34  _sgetc.o(.text)
    __strtod_int                             0x080082f5   Thumb Code    90  strtod.o(.text)
    strtol                                   0x0800835d   Thumb Code   112  strtol.o(.text)
    __user_libspace                          0x080083cd   Thumb Code     8  libspace.o(.text)
    __user_perproc_libspace                  0x080083cd   Thumb Code     0  libspace.o(.text)
    __user_perthread_libspace                0x080083cd   Thumb Code     0  libspace.o(.text)
    __rt_locale                              0x080083d5   Thumb Code     8  rt_locale_intlibspace.o(.text)
    __Heap_ProvideMemory                     0x080083dd   Thumb Code    52  h1_extend.o(.text)
    _ll_udiv10                               0x08008411   Thumb Code   138  lludiv10.o(.text)
    isspace                                  0x0800849b   Thumb Code    18  isspace.o(.text)
    _printf_fp_infnan                        0x080084ad   Thumb Code   112  _printf_fp_infnan.o(.text)
    _printf_lcs_common                       0x0800852d   Thumb Code    20  _printf_wchar.o(.text)
    _printf_wchar                            0x08008541   Thumb Code    16  _printf_wchar.o(.text)
    _printf_wstring                          0x08008551   Thumb Code     8  _printf_wchar.o(.text)
    __vfscanf                                0x08008559   Thumb Code   878  _scanf.o(.text)
    _strtoul                                 0x080088cd   Thumb Code   158  _strtoul.o(.text)
    _btod_etento                             0x0800896d   Thumb Code   224  bigflt0.o(.text)
    _wcrtomb                                 0x08008a51   Thumb Code    64  _wcrtomb.o(.text)
    __rt_SIGRTMEM                            0x08008a91   Thumb Code    14  defsig_rtmem_outer.o(.text)
    __I$use$semihosting                      0x08008a9f   Thumb Code     0  use_no_semi.o(.text)
    __use_no_semihosting_swi                 0x08008a9f   Thumb Code     2  use_no_semi.o(.text)
    __semihosting_library_function           0x08008aa1   Thumb Code     0  indicate_semi.o(.text)
    __user_setup_stackheap                   0x08008aa1   Thumb Code    74  sys_stackheap_outer.o(.text)
    __read_errno                             0x08008aeb   Thumb Code    10  _rserrno.o(.text)
    __set_errno                              0x08008af5   Thumb Code    12  _rserrno.o(.text)
    _chval                                   0x08008b01   Thumb Code    28  _chval.o(.text)
    _scanf_really_hex_real                   0x08008b1d   Thumb Code   786  scanf_hexfp.o(.text)
    _scanf_really_infnan                     0x08008e3d   Thumb Code   292  scanf_infnan.o(.text)
    exit                                     0x08008f71   Thumb Code    18  exit.o(.text)
    __sig_exit                               0x08008f83   Thumb Code    10  defsig_exit.o(.text)
    __rt_SIGRTMEM_inner                      0x08008f8d   Thumb Code    22  defsig_rtmem_inner.o(.text)
    _sys_exit                                0x08008fdd   Thumb Code     8  sys_exit.o(.text)
    __aeabi_llsl                             0x08008fe9   Thumb Code     0  llshl.o(.text)
    _ll_shift_l                              0x08008fe9   Thumb Code    38  llshl.o(.text)
    __default_signal_display                 0x0800900f   Thumb Code    50  defsig_general.o(.text)
    _ttywrch                                 0x08009041   Thumb Code    14  sys_wrch.o(.text)
    _btod_d2e                                0x0800904f   Thumb Code    62  btod.o(CL$$btod_d2e)
    _d2e_denorm_low                          0x0800908d   Thumb Code    70  btod.o(CL$$btod_d2e_denorm_low)
    _d2e_norm_op1                            0x080090d3   Thumb Code    96  btod.o(CL$$btod_d2e_norm_op1)
    __btod_div_common                        0x08009133   Thumb Code   696  btod.o(CL$$btod_div_common)
    _e2d                                     0x0800946d   Thumb Code   122  btod.o(CL$$btod_e2d)
    _e2e                                     0x080094f1   Thumb Code   220  btod.o(CL$$btod_e2e)
    _btod_ediv                               0x080095cd   Thumb Code    42  btod.o(CL$$btod_ediv)
    _btod_edivd                              0x080095f7   Thumb Code    42  btod.o(CL$$btod_edivd)
    _btod_emul                               0x08009621   Thumb Code    42  btod.o(CL$$btod_emul)
    _btod_emuld                              0x0800964b   Thumb Code    42  btod.o(CL$$btod_emuld)
    __btod_mult_common                       0x08009675   Thumb Code   580  btod.o(CL$$btod_mult_common)
    __ARM_fpclassify                         0x080098b9   Thumb Code    40  fpclassify.o(i.__ARM_fpclassify)
    __mathlib_dbl_overflow                   0x080098e1   Thumb Code    14  dunder.o(i.__mathlib_dbl_overflow)
    __mathlib_dbl_underflow                  0x080098f1   Thumb Code    10  dunder.o(i.__mathlib_dbl_underflow)
    __mathlib_narrow                         0x08009901   Thumb Code    16  narrow.o(i.__mathlib_narrow)
    __mathlib_tofloat                        0x08009911   Thumb Code   184  narrow.o(i.__mathlib_tofloat)
    __support_ldexp                          0x080099cd   Thumb Code    22  ldexp.o(i.__support_ldexp)
    _is_digit                                0x080099e3   Thumb Code    14  __printf_wp.o(i._is_digit)
    frexp                                    0x080099f1   Thumb Code    80  frexp.o(i.frexp)
    ldexp                                    0x08009a49   Thumb Code   116  ldexp.o(i.ldexp)
    strtod                                   0x08009abd   Thumb Code    28  strtod.o(i.strtod)
    _get_lc_ctype                            0x08009ad9   Thumb Code    44  lc_ctype_c.o(locale$$code)
    _get_lc_numeric                          0x08009b05   Thumb Code    44  lc_numeric_c.o(locale$$code)
    __aeabi_d2f                              0x08009b31   Thumb Code     0  d2f.o(x$fpl$d2f)
    _d2f                                     0x08009b31   Thumb Code    98  d2f.o(x$fpl$d2f)
    __aeabi_dadd                             0x08009b95   Thumb Code     0  daddsub_clz.o(x$fpl$dadd)
    _dadd                                    0x08009b95   Thumb Code   332  daddsub_clz.o(x$fpl$dadd)
    __fpl_dcheck_NaN1                        0x08009ce5   Thumb Code    10  dcheck1.o(x$fpl$dcheck1)
    __fpl_dcmp_Inf                           0x08009cf5   Thumb Code    24  dcmpi.o(x$fpl$dcmpinf)
    __aeabi_cdcmpeq                          0x08009d0d   Thumb Code     0  deqf.o(x$fpl$deqf)
    _dcmpeq                                  0x08009d0d   Thumb Code   120  deqf.o(x$fpl$deqf)
    __aeabi_d2iz                             0x08009d85   Thumb Code     0  dfix.o(x$fpl$dfix)
    _dfix                                    0x08009d85   Thumb Code    94  dfix.o(x$fpl$dfix)
    __aeabi_i2d                              0x08009de3   Thumb Code     0  dflt_clz.o(x$fpl$dflt)
    _dflt                                    0x08009de3   Thumb Code    46  dflt_clz.o(x$fpl$dflt)
    __aeabi_cdcmple                          0x08009e11   Thumb Code     0  dleqf.o(x$fpl$dleqf)
    _dcmple                                  0x08009e11   Thumb Code   120  dleqf.o(x$fpl$dleqf)
    __fpl_dcmple_InfNaN                      0x08009e73   Thumb Code     0  dleqf.o(x$fpl$dleqf)
    __aeabi_dmul                             0x08009e89   Thumb Code     0  dmul.o(x$fpl$dmul)
    _dmul                                    0x08009e89   Thumb Code   332  dmul.o(x$fpl$dmul)
    __fpl_dnaninf                            0x08009fdd   Thumb Code   156  dnaninf.o(x$fpl$dnaninf)
    __fpl_dretinf                            0x0800a079   Thumb Code    12  dretinf.o(x$fpl$dretinf)
    __aeabi_cdrcmple                         0x0800a085   Thumb Code     0  drleqf.o(x$fpl$drleqf)
    _drcmple                                 0x0800a085   Thumb Code   108  drleqf.o(x$fpl$drleqf)
    __aeabi_dsub                             0x0800a0f1   Thumb Code     0  daddsub_clz.o(x$fpl$dsub)
    _dsub                                    0x0800a0f1   Thumb Code   464  daddsub_clz.o(x$fpl$dsub)
    __aeabi_f2d                              0x0800a2c5   Thumb Code     0  f2d.o(x$fpl$f2d)
    _f2d                                     0x0800a2c5   Thumb Code    86  f2d.o(x$fpl$f2d)
    __fpl_fcmp_Inf                           0x0800a31b   Thumb Code    24  fcmpi.o(x$fpl$fcmpinf)
    __aeabi_fdiv                             0x0800a335   Thumb Code     0  fdiv.o(x$fpl$fdiv)
    _fdiv                                    0x0800a335   Thumb Code   384  fdiv.o(x$fpl$fdiv)
    __aeabi_f2iz                             0x0800a4b9   Thumb Code     0  ffix.o(x$fpl$ffix)
    _ffix                                    0x0800a4b9   Thumb Code    54  ffix.o(x$fpl$ffix)
    __aeabi_i2f                              0x0800a4f1   Thumb Code     0  fflt_clz.o(x$fpl$fflt)
    _fflt                                    0x0800a4f1   Thumb Code    48  fflt_clz.o(x$fpl$fflt)
    __aeabi_ui2f                             0x0800a521   Thumb Code     0  fflt_clz.o(x$fpl$ffltu)
    _ffltu                                   0x0800a521   Thumb Code    38  fflt_clz.o(x$fpl$ffltu)
    __aeabi_cfcmple                          0x0800a549   Thumb Code     0  fleqf.o(x$fpl$fleqf)
    _fcmple                                  0x0800a549   Thumb Code   104  fleqf.o(x$fpl$fleqf)
    __fpl_fcmple_InfNaN                      0x0800a59b   Thumb Code     0  fleqf.o(x$fpl$fleqf)
    __aeabi_fmul                             0x0800a5b1   Thumb Code     0  fmul.o(x$fpl$fmul)
    _fmul                                    0x0800a5b1   Thumb Code   258  fmul.o(x$fpl$fmul)
    __fpl_fnaninf                            0x0800a6b3   Thumb Code   140  fnaninf.o(x$fpl$fnaninf)
    __fpl_fretinf                            0x0800a73f   Thumb Code    10  fretinf.o(x$fpl$fretinf)
    __aeabi_cfrcmple                         0x0800a749   Thumb Code     0  frleqf.o(x$fpl$frleqf)
    _frcmple                                 0x0800a749   Thumb Code    98  frleqf.o(x$fpl$frleqf)
    __ieee_status                            0x0800a7ab   Thumb Code     6  istatus.o(x$fpl$ieeestatus)
    _printf_fp_dec                           0x0800a7b1   Thumb Code     4  printf1.o(x$fpl$printf1)
    __fpl_return_NaN                         0x0800a7b5   Thumb Code   100  retnan.o(x$fpl$retnan)
    __ARM_scalbn                             0x0800a819   Thumb Code    92  scalbn.o(x$fpl$scalbn)
    _scanf_real                              0x0800a875   Thumb Code     4  scanf1.o(x$fpl$scanf1)
    _scanf_hex_real                          0x0800a879   Thumb Code     4  scanf2.o(x$fpl$scanf2)
    _scanf_infnan                            0x0800a87d   Thumb Code     4  scanf2.o(x$fpl$scanf2)
    __fpl_cmpreturn                          0x0800a881   Thumb Code    48  trapv.o(x$fpl$trapveneer)
    OLED_F8x16                               0x0800a8b0   Data        1520  oled.o(.constdata)
    __I$use$fp                               0x0800a8b0   Number         0  usenofp.o(x$fpl$usenofp)
    chineseF                                 0x0800aea0   Data        1015  oled.o(.constdata)
    ChineseFont                              0x0800b297   Data         384  oled.o(.constdata)
    Region$$Table$$Base                      0x0800b504   Number         0  anon$$obj.o(Region$$Table)
    Region$$Table$$Limit                     0x0800b524   Number         0  anon$$obj.o(Region$$Table)
    __aeabi_HUGE_VAL                         0x0800b524   Data           0  fpconst.o(c$$dinf)
    __aeabi_HUGE_VALL                        0x0800b524   Data           0  fpconst.o(c$$dinf)
    __aeabi_INFINITY                         0x0800b524   Data           0  fpconst.o(c$$dinf)
    __dInf                                   0x0800b524   Data           0  fpconst.o(c$$dinf)
    __huge_val                               0x0800b524   Data           0  fpconst.o(c$$dinf)
    __dbl_max                                0x0800b52c   Data           0  fpconst.o(c$$dmax)
    __ctype                                  0x0800b541   Data           0  lc_ctype_c.o(locale$$data)
    temperature_H                            0x20000000   Data           1  main.o(.data)
    temperature_L                            0x20000001   Data           1  main.o(.data)
    humidity_H                               0x20000002   Data           1  main.o(.data)
    humidity_L                               0x20000003   Data           1  main.o(.data)
    light                                    0x20000004   Data           4  main.o(.data)
    isBeep                                   0x20000008   Data           1  main.o(.data)
    isOnWLAN                                 0x20000009   Data           1  main.o(.data)
    isOnMQTT                                 0x2000000a   Data           1  main.o(.data)
    subtopics                                0x2000000c   Data           4  main.o(.data)
    pubtopics                                0x20000010   Data           4  main.o(.data)
    timeCount                                0x20000014   Data           2  main.o(.data)
    dataPtr                                  0x20000018   Data           4  main.o(.data)
    SystemCoreClock                          0x2000001c   Data           4  system_stm32f10x.o(.data)
    AHBPrescTable                            0x20000020   Data          16  system_stm32f10x.o(.data)
    temperature                              0x20000034   Data           4  timer.o(.data)
    humidity                                 0x20000038   Data           4  timer.o(.data)
    esp8266_cnt                              0x2000003e   Data           2  esp8266.o(.data)
    esp8266_cntPre                           0x20000040   Data           2  esp8266.o(.data)
    MQTTbuf                                  0x20000074   Data          64  main.o(.bss)
    OledBuf                                  0x200000b4   Data          64  main.o(.bss)
    esp8266_buf                              0x200000f4   Data         128  esp8266.o(.bss)
    __libspace_start                         0x20000184   Data          96  libspace.o(.bss)
    __temporary_stack_top$libspace           0x200001e4   Data           0  libspace.o(.bss)



==============================================================================

Memory Map of the image

  Image Entry point : 0x080000ed

  Load Region LR_IROM1 (Base: 0x08000000, Size: 0x0000b6d4, Max: 0x00010000, ABSOLUTE)

    Execution Region ER_IROM1 (Exec base: 0x08000000, Load base: 0x08000000, Size: 0x0000b660, Max: 0x00010000, ABSOLUTE)

    Exec Addr    Load Addr    Size         Type   Attr      Idx    E Section Name        Object

    0x08000000   0x08000000   0x000000ec   Data   RO          470    RESET               startup_stm32f10x_md.o
    0x080000ec   0x080000ec   0x00000008   Code   RO          712  * !!!main             c_w.l(__main.o)
    0x080000f4   0x080000f4   0x00000034   Code   RO         1167    !!!scatter          c_w.l(__scatter.o)
    0x08000128   0x08000128   0x0000001a   Code   RO         1169    !!handler_copy      c_w.l(__scatter_copy.o)
    0x08000142   0x08000142   0x00000002   PAD
    0x08000144   0x08000144   0x0000001c   Code   RO         1171    !!handler_zi        c_w.l(__scatter_zi.o)
    0x08000160   0x08000160   0x00000000   Code   RO          683    .ARM.Collect$$_printf_percent$$00000000  c_w.l(_printf_percent.o)
    0x08000160   0x08000160   0x00000006   Code   RO          828    .ARM.Collect$$_printf_percent$$00000001  c_w.l(_printf_n.o)
    0x08000166   0x08000166   0x00000006   Code   RO          829    .ARM.Collect$$_printf_percent$$00000002  c_w.l(_printf_p.o)
    0x0800016c   0x0800016c   0x00000006   Code   RO          681    .ARM.Collect$$_printf_percent$$00000003  c_w.l(_printf_f.o)
    0x08000172   0x08000172   0x00000006   Code   RO          832    .ARM.Collect$$_printf_percent$$00000004  c_w.l(_printf_e.o)
    0x08000178   0x08000178   0x00000006   Code   RO          682    .ARM.Collect$$_printf_percent$$00000005  c_w.l(_printf_g.o)
    0x0800017e   0x0800017e   0x00000006   Code   RO          833    .ARM.Collect$$_printf_percent$$00000006  c_w.l(_printf_a.o)
    0x08000184   0x08000184   0x0000000a   Code   RO          838    .ARM.Collect$$_printf_percent$$00000007  c_w.l(_printf_ll.o)
    0x0800018e   0x0800018e   0x00000006   Code   RO          679    .ARM.Collect$$_printf_percent$$00000008  c_w.l(_printf_i.o)
    0x08000194   0x08000194   0x00000006   Code   RO          680    .ARM.Collect$$_printf_percent$$00000009  c_w.l(_printf_d.o)
    0x0800019a   0x0800019a   0x00000006   Code   RO          831    .ARM.Collect$$_printf_percent$$0000000A  c_w.l(_printf_u.o)
    0x080001a0   0x080001a0   0x00000006   Code   RO          830    .ARM.Collect$$_printf_percent$$0000000B  c_w.l(_printf_o.o)
    0x080001a6   0x080001a6   0x00000006   Code   RO          678    .ARM.Collect$$_printf_percent$$0000000C  c_w.l(_printf_x.o)
    0x080001ac   0x080001ac   0x00000006   Code   RO          835    .ARM.Collect$$_printf_percent$$0000000D  c_w.l(_printf_lli.o)
    0x080001b2   0x080001b2   0x00000006   Code   RO          836    .ARM.Collect$$_printf_percent$$0000000E  c_w.l(_printf_lld.o)
    0x080001b8   0x080001b8   0x00000006   Code   RO          837    .ARM.Collect$$_printf_percent$$0000000F  c_w.l(_printf_llu.o)
    0x080001be   0x080001be   0x00000006   Code   RO          842    .ARM.Collect$$_printf_percent$$00000010  c_w.l(_printf_llo.o)
    0x080001c4   0x080001c4   0x00000006   Code   RO          843    .ARM.Collect$$_printf_percent$$00000011  c_w.l(_printf_llx.o)
    0x080001ca   0x080001ca   0x0000000a   Code   RO          839    .ARM.Collect$$_printf_percent$$00000012  c_w.l(_printf_l.o)
    0x080001d4   0x080001d4   0x00000006   Code   RO          676    .ARM.Collect$$_printf_percent$$00000013  c_w.l(_printf_c.o)
    0x080001da   0x080001da   0x00000006   Code   RO          677    .ARM.Collect$$_printf_percent$$00000014  c_w.l(_printf_s.o)
    0x080001e0   0x080001e0   0x00000006   Code   RO          840    .ARM.Collect$$_printf_percent$$00000015  c_w.l(_printf_lc.o)
    0x080001e6   0x080001e6   0x00000006   Code   RO          841    .ARM.Collect$$_printf_percent$$00000016  c_w.l(_printf_ls.o)
    0x080001ec   0x080001ec   0x00000004   Code   RO          834    .ARM.Collect$$_printf_percent$$00000017  c_w.l(_printf_percent_end.o)
    0x080001f0   0x080001f0   0x00000002   Code   RO         1059    .ARM.Collect$$libinit$$00000000  c_w.l(libinit.o)
    0x080001f2   0x080001f2   0x00000000   Code   RO          857    .ARM.Collect$$libinit$$00000002  c_w.l(libinit2.o)
    0x080001f2   0x080001f2   0x00000000   Code   RO          859    .ARM.Collect$$libinit$$00000004  c_w.l(libinit2.o)
    0x080001f2   0x080001f2   0x00000008   Code   RO          860    .ARM.Collect$$libinit$$00000005  c_w.l(libinit2.o)
    0x080001fa   0x080001fa   0x00000000   Code   RO          862    .ARM.Collect$$libinit$$0000000A  c_w.l(libinit2.o)
    0x080001fa   0x080001fa   0x00000000   Code   RO          864    .ARM.Collect$$libinit$$0000000C  c_w.l(libinit2.o)
    0x080001fa   0x080001fa   0x00000000   Code   RO          866    .ARM.Collect$$libinit$$0000000E  c_w.l(libinit2.o)
    0x080001fa   0x080001fa   0x00000006   Code   RO          867    .ARM.Collect$$libinit$$0000000F  c_w.l(libinit2.o)
    0x08000200   0x08000200   0x00000000   Code   RO          869    .ARM.Collect$$libinit$$00000011  c_w.l(libinit2.o)
    0x08000200   0x08000200   0x0000000c   Code   RO          870    .ARM.Collect$$libinit$$00000012  c_w.l(libinit2.o)
    0x0800020c   0x0800020c   0x00000000   Code   RO          871    .ARM.Collect$$libinit$$00000013  c_w.l(libinit2.o)
    0x0800020c   0x0800020c   0x00000000   Code   RO          873    .ARM.Collect$$libinit$$00000015  c_w.l(libinit2.o)
    0x0800020c   0x0800020c   0x0000000a   Code   RO          874    .ARM.Collect$$libinit$$00000016  c_w.l(libinit2.o)
    0x08000216   0x08000216   0x00000000   Code   RO          875    .ARM.Collect$$libinit$$00000017  c_w.l(libinit2.o)
    0x08000216   0x08000216   0x00000000   Code   RO          877    .ARM.Collect$$libinit$$00000019  c_w.l(libinit2.o)
    0x08000216   0x08000216   0x00000000   Code   RO          879    .ARM.Collect$$libinit$$0000001B  c_w.l(libinit2.o)
    0x08000216   0x08000216   0x00000000   Code   RO          881    .ARM.Collect$$libinit$$0000001D  c_w.l(libinit2.o)
    0x08000216   0x08000216   0x00000000   Code   RO          883    .ARM.Collect$$libinit$$0000001F  c_w.l(libinit2.o)
    0x08000216   0x08000216   0x00000000   Code   RO          885    .ARM.Collect$$libinit$$00000021  c_w.l(libinit2.o)
    0x08000216   0x08000216   0x00000000   Code   RO          887    .ARM.Collect$$libinit$$00000023  c_w.l(libinit2.o)
    0x08000216   0x08000216   0x00000000   Code   RO          889    .ARM.Collect$$libinit$$00000025  c_w.l(libinit2.o)
    0x08000216   0x08000216   0x00000000   Code   RO          893    .ARM.Collect$$libinit$$0000002C  c_w.l(libinit2.o)
    0x08000216   0x08000216   0x00000000   Code   RO          895    .ARM.Collect$$libinit$$0000002E  c_w.l(libinit2.o)
    0x08000216   0x08000216   0x00000000   Code   RO          897    .ARM.Collect$$libinit$$00000030  c_w.l(libinit2.o)
    0x08000216   0x08000216   0x00000000   Code   RO          899    .ARM.Collect$$libinit$$00000032  c_w.l(libinit2.o)
    0x08000216   0x08000216   0x00000002   Code   RO          900    .ARM.Collect$$libinit$$00000033  c_w.l(libinit2.o)
    0x08000218   0x08000218   0x00000002   Code   RO         1156    .ARM.Collect$$libshutdown$$00000000  c_w.l(libshutdown.o)
    0x0800021a   0x0800021a   0x00000000   Code   RO         1081    .ARM.Collect$$libshutdown$$00000002  c_w.l(libshutdown2.o)
    0x0800021a   0x0800021a   0x00000000   Code   RO         1083    .ARM.Collect$$libshutdown$$00000004  c_w.l(libshutdown2.o)
    0x0800021a   0x0800021a   0x00000000   Code   RO         1086    .ARM.Collect$$libshutdown$$00000007  c_w.l(libshutdown2.o)
    0x0800021a   0x0800021a   0x00000000   Code   RO         1089    .ARM.Collect$$libshutdown$$0000000A  c_w.l(libshutdown2.o)
    0x0800021a   0x0800021a   0x00000000   Code   RO         1091    .ARM.Collect$$libshutdown$$0000000C  c_w.l(libshutdown2.o)
    0x0800021a   0x0800021a   0x00000000   Code   RO         1094    .ARM.Collect$$libshutdown$$0000000F  c_w.l(libshutdown2.o)
    0x0800021a   0x0800021a   0x00000002   Code   RO         1095    .ARM.Collect$$libshutdown$$00000010  c_w.l(libshutdown2.o)
    0x0800021c   0x0800021c   0x00000000   Code   RO          768    .ARM.Collect$$rtentry$$00000000  c_w.l(__rtentry.o)
    0x0800021c   0x0800021c   0x00000000   Code   RO          920    .ARM.Collect$$rtentry$$00000002  c_w.l(__rtentry2.o)
    0x0800021c   0x0800021c   0x00000006   Code   RO          932    .ARM.Collect$$rtentry$$00000004  c_w.l(__rtentry4.o)
    0x08000222   0x08000222   0x00000000   Code   RO          922    .ARM.Collect$$rtentry$$00000009  c_w.l(__rtentry2.o)
    0x08000222   0x08000222   0x00000004   Code   RO          923    .ARM.Collect$$rtentry$$0000000A  c_w.l(__rtentry2.o)
    0x08000226   0x08000226   0x00000000   Code   RO          925    .ARM.Collect$$rtentry$$0000000C  c_w.l(__rtentry2.o)
    0x08000226   0x08000226   0x00000008   Code   RO          926    .ARM.Collect$$rtentry$$0000000D  c_w.l(__rtentry2.o)
    0x0800022e   0x0800022e   0x00000002   Code   RO         1068    .ARM.Collect$$rtexit$$00000000  c_w.l(rtexit.o)
    0x08000230   0x08000230   0x00000000   Code   RO         1113    .ARM.Collect$$rtexit$$00000002  c_w.l(rtexit2.o)
    0x08000230   0x08000230   0x00000004   Code   RO         1114    .ARM.Collect$$rtexit$$00000003  c_w.l(rtexit2.o)
    0x08000234   0x08000234   0x00000006   Code   RO         1115    .ARM.Collect$$rtexit$$00000004  c_w.l(rtexit2.o)
    0x0800023a   0x0800023a   0x00000002   PAD
    0x0800023c   0x0800023c   0x00000000   Code   RO          941    .emb_text           c_w.l(maybetermalloc1.o)
    0x0800023c   0x0800023c   0x0000038c   Code   RO            1    .text               main.o
    0x080005c8   0x080005c8   0x0000001a   Code   RO          143    .text               stm32f10x_it.o
    0x080005e2   0x080005e2   0x00000002   PAD
    0x080005e4   0x080005e4   0x000001e0   Code   RO          184    .text               system_stm32f10x.o
    0x080007c4   0x080007c4   0x0000004c   Code   RO          202    .text               led.o
    0x08000810   0x08000810   0x00000034   Code   RO          218    .text               beep.o
    0x08000844   0x08000844   0x000005e0   Code   RO          230    .text               oled.o
    0x08000e24   0x08000e24   0x000001b8   Code   RO          251    .text               dht11.o
    0x08000fdc   0x08000fdc   0x00000298   Code   RO          263    .text               bh1750.o
    0x08001274   0x08001274   0x000000d4   Code   RO          275    .text               delay.o
    0x08001348   0x08001348   0x00000200   Code   RO          306    .text               usart.o
    0x08001548   0x08001548   0x000000fc   Code   RO          328    .text               timer.o
    0x08001644   0x08001644   0x00000390   Code   RO          343    .text               esp8266.o
    0x080019d4   0x080019d4   0x00000dfc   Code   RO          363    .text               mqttkit.o
    0x080027d0   0x080027d0   0x000007cc   Code   RO          391    .text               onenet.o
    0x08002f9c   0x08002f9c   0x00002298   Code   RO          414    .text               cjson.o
    0x08005234   0x08005234   0x00000040   Code   RO          471    .text               startup_stm32f10x_md.o
    0x08005274   0x08005274   0x000000dc   Code   RO          475    .text               misc.o
    0x08005350   0x08005350   0x0000035c   Code   RO          487    .text               stm32f10x_gpio.o
    0x080056ac   0x080056ac   0x000003a4   Code   RO          499    .text               stm32f10x_rcc.o
    0x08005a50   0x08005a50   0x00000408   Code   RO          513    .text               stm32f10x_usart.o
    0x08005e58   0x08005e58   0x00000e1a   Code   RO          537    .text               stm32f10x_tim.o
    0x08006c72   0x08006c72   0x0000005e   Code   RO          557    .text               c_w.l(h1_alloc.o)
    0x08006cd0   0x08006cd0   0x0000004e   Code   RO          559    .text               c_w.l(h1_free.o)
    0x08006d1e   0x08006d1e   0x000000b8   Code   RO          561    .text               c_w.l(h1_realloc.o)
    0x08006dd6   0x08006dd6   0x0000001a   Code   RO          619    .text               c_w.l(tolower.o)
    0x08006df0   0x08006df0   0x00000034   Code   RO          621    .text               c_w.l(c89vsnprintf.o)
    0x08006e24   0x08006e24   0x0000002c   Code   RO          623    .text               c_w.l(__2sprintf.o)
    0x08006e50   0x08006e50   0x0000004e   Code   RO          629    .text               c_w.l(_printf_pad.o)
    0x08006e9e   0x08006e9e   0x00000052   Code   RO          631    .text               c_w.l(_printf_str.o)
    0x08006ef0   0x08006ef0   0x00000078   Code   RO          633    .text               c_w.l(_printf_dec.o)
    0x08006f68   0x08006f68   0x00000094   Code   RO          653    .text               c_w.l(_printf_hex_int_ll_ptr.o)
    0x08006ffc   0x08006ffc   0x00000188   Code   RO          673    .text               c_w.l(__printf_flags_ss_wp.o)
    0x08007184   0x08007184   0x0000003c   Code   RO          684    .text               c_w.l(__0sscanf.o)
    0x080071c0   0x080071c0   0x0000001a   Code   RO          686    .text               c_w.l(atoi.o)
    0x080071da   0x080071da   0x00000014   Code   RO          688    .text               c_w.l(strchr.o)
    0x080071ee   0x080071ee   0x00000024   Code   RO          690    .text               c_w.l(strncat.o)
    0x08007212   0x08007212   0x00000024   Code   RO          692    .text               c_w.l(strstr.o)
    0x08007236   0x08007236   0x00000048   Code   RO          694    .text               c_w.l(strcpy.o)
    0x0800727e   0x0800727e   0x0000003e   Code   RO          696    .text               c_w.l(strlen.o)
    0x080072bc   0x080072bc   0x00000096   Code   RO          698    .text               c_w.l(strncmp.o)
    0x08007352   0x08007352   0x0000008a   Code   RO          700    .text               c_w.l(rt_memcpy_v6.o)
    0x080073dc   0x080073dc   0x00000064   Code   RO          702    .text               c_w.l(rt_memcpy_w.o)
    0x08007440   0x08007440   0x00000044   Code   RO          704    .text               c_w.l(rt_memclr.o)
    0x08007484   0x08007484   0x0000004e   Code   RO          706    .text               c_w.l(rt_memclr_w.o)
    0x080074d2   0x080074d2   0x00000002   PAD
    0x080074d4   0x080074d4   0x00000080   Code   RO          708    .text               c_w.l(strcmpv7m.o)
    0x08007554   0x08007554   0x00000006   Code   RO          710    .text               c_w.l(heapauxi.o)
    0x0800755a   0x0800755a   0x00000002   PAD
    0x0800755c   0x0800755c   0x00000010   Code   RO          769    .text               c_w.l(rt_ctype_table.o)
    0x0800756c   0x0800756c   0x00000008   Code   RO          774    .text               c_w.l(rt_heap_descriptor_intlibspace.o)
    0x08007574   0x08007574   0x00000008   Code   RO          779    .text               c_w.l(rt_errno_addr_intlibspace.o)
    0x0800757c   0x0800757c   0x00000004   Code   RO          781    .text               c_w.l(hguard.o)
    0x08007580   0x08007580   0x0000008a   Code   RO          783    .text               c_w.l(init_alloc.o)
    0x0800760a   0x0800760a   0x0000000e   Code   RO          787    .text               c_w.l(h1_init.o)
    0x08007618   0x08007618   0x00000024   Code   RO          801    .text               c_w.l(_printf_truncate.o)
    0x0800763c   0x0800763c   0x000000b2   Code   RO          803    .text               c_w.l(_printf_intcommon.o)
    0x080076ee   0x080076ee   0x00000028   Code   RO          805    .text               c_w.l(_printf_charcount.o)
    0x08007716   0x08007716   0x0000041e   Code   RO          807    .text               c_w.l(_printf_fp_dec.o)
    0x08007b34   0x08007b34   0x00000030   Code   RO          809    .text               c_w.l(_printf_char_common.o)
    0x08007b64   0x08007b64   0x0000000a   Code   RO          811    .text               c_w.l(_sputc.o)
    0x08007b6e   0x08007b6e   0x00000010   Code   RO          813    .text               c_w.l(_snputc.o)
    0x08007b7e   0x08007b7e   0x0000002c   Code   RO          815    .text               c_w.l(_printf_char.o)
    0x08007baa   0x08007baa   0x00000002   PAD
    0x08007bac   0x08007bac   0x000000bc   Code   RO          817    .text               c_w.l(_printf_wctomb.o)
    0x08007c68   0x08007c68   0x0000007c   Code   RO          820    .text               c_w.l(_printf_longlong_dec.o)
    0x08007ce4   0x08007ce4   0x00000070   Code   RO          826    .text               c_w.l(_printf_oct_int_ll.o)
    0x08007d54   0x08007d54   0x000004f8   Code   RO          844    .text               c_w.l(scanf_fp.o)
    0x0800824c   0x0800824c   0x0000002c   Code   RO          846    .text               c_w.l(scanf_char.o)
    0x08008278   0x08008278   0x00000040   Code   RO          848    .text               c_w.l(_sgetc.o)
    0x080082b8   0x080082b8   0x000000a4   Code   RO          850    .text               c_w.l(strtod.o)
    0x0800835c   0x0800835c   0x00000070   Code   RO          852    .text               c_w.l(strtol.o)
    0x080083cc   0x080083cc   0x00000008   Code   RO          916    .text               c_w.l(libspace.o)
    0x080083d4   0x080083d4   0x00000008   Code   RO          937    .text               c_w.l(rt_locale_intlibspace.o)
    0x080083dc   0x080083dc   0x00000034   Code   RO          943    .text               c_w.l(h1_extend.o)
    0x08008410   0x08008410   0x0000008a   Code   RO          947    .text               c_w.l(lludiv10.o)
    0x0800849a   0x0800849a   0x00000012   Code   RO          949    .text               c_w.l(isspace.o)
    0x080084ac   0x080084ac   0x00000080   Code   RO          951    .text               c_w.l(_printf_fp_infnan.o)
    0x0800852c   0x0800852c   0x0000002c   Code   RO          955    .text               c_w.l(_printf_wchar.o)
    0x08008558   0x08008558   0x00000374   Code   RO          957    .text               c_w.l(_scanf.o)
    0x080088cc   0x080088cc   0x0000009e   Code   RO          959    .text               c_w.l(_strtoul.o)
    0x0800896a   0x0800896a   0x00000002   PAD
    0x0800896c   0x0800896c   0x000000e4   Code   RO          961    .text               c_w.l(bigflt0.o)
    0x08008a50   0x08008a50   0x00000040   Code   RO          986    .text               c_w.l(_wcrtomb.o)
    0x08008a90   0x08008a90   0x0000000e   Code   RO          994    .text               c_w.l(defsig_rtmem_outer.o)
    0x08008a9e   0x08008a9e   0x00000002   Code   RO         1027    .text               c_w.l(use_no_semi.o)
    0x08008aa0   0x08008aa0   0x00000000   Code   RO         1029    .text               c_w.l(indicate_semi.o)
    0x08008aa0   0x08008aa0   0x0000004a   Code   RO         1030    .text               c_w.l(sys_stackheap_outer.o)
    0x08008aea   0x08008aea   0x00000016   Code   RO         1036    .text               c_w.l(_rserrno.o)
    0x08008b00   0x08008b00   0x0000001c   Code   RO         1038    .text               c_w.l(_chval.o)
    0x08008b1c   0x08008b1c   0x00000320   Code   RO         1040    .text               c_w.l(scanf_hexfp.o)
    0x08008e3c   0x08008e3c   0x00000134   Code   RO         1042    .text               c_w.l(scanf_infnan.o)
    0x08008f70   0x08008f70   0x00000012   Code   RO         1044    .text               c_w.l(exit.o)
    0x08008f82   0x08008f82   0x0000000a   Code   RO         1046    .text               c_w.l(defsig_exit.o)
    0x08008f8c   0x08008f8c   0x00000050   Code   RO         1048    .text               c_w.l(defsig_rtmem_inner.o)
    0x08008fdc   0x08008fdc   0x0000000c   Code   RO         1066    .text               c_w.l(sys_exit.o)
    0x08008fe8   0x08008fe8   0x00000026   Code   RO         1074    .text               c_w.l(llshl.o)
    0x0800900e   0x0800900e   0x00000032   Code   RO         1078    .text               c_w.l(defsig_general.o)
    0x08009040   0x08009040   0x0000000e   Code   RO         1110    .text               c_w.l(sys_wrch.o)
    0x0800904e   0x0800904e   0x0000003e   Code   RO          964    CL$$btod_d2e        c_w.l(btod.o)
    0x0800908c   0x0800908c   0x00000046   Code   RO          966    CL$$btod_d2e_denorm_low  c_w.l(btod.o)
    0x080090d2   0x080090d2   0x00000060   Code   RO          965    CL$$btod_d2e_norm_op1  c_w.l(btod.o)
    0x08009132   0x08009132   0x00000338   Code   RO          974    CL$$btod_div_common  c_w.l(btod.o)
    0x0800946a   0x0800946a   0x00000002   PAD
    0x0800946c   0x0800946c   0x00000084   Code   RO          972    CL$$btod_e2d        c_w.l(btod.o)
    0x080094f0   0x080094f0   0x000000dc   Code   RO          971    CL$$btod_e2e        c_w.l(btod.o)
    0x080095cc   0x080095cc   0x0000002a   Code   RO          968    CL$$btod_ediv       c_w.l(btod.o)
    0x080095f6   0x080095f6   0x0000002a   Code   RO          970    CL$$btod_edivd      c_w.l(btod.o)
    0x08009620   0x08009620   0x0000002a   Code   RO          967    CL$$btod_emul       c_w.l(btod.o)
    0x0800964a   0x0800964a   0x0000002a   Code   RO          969    CL$$btod_emuld      c_w.l(btod.o)
    0x08009674   0x08009674   0x00000244   Code   RO          973    CL$$btod_mult_common  c_w.l(btod.o)
    0x080098b8   0x080098b8   0x00000028   Code   RO         1019    i.__ARM_fpclassify  m_ws.l(fpclassify.o)
    0x080098e0   0x080098e0   0x0000000e   Code   RO         1127    i.__mathlib_dbl_overflow  m_ws.l(dunder.o)
    0x080098ee   0x080098ee   0x00000002   PAD
    0x080098f0   0x080098f0   0x00000010   Code   RO         1129    i.__mathlib_dbl_underflow  m_ws.l(dunder.o)
    0x08009900   0x08009900   0x00000010   Code   RO         1021    i.__mathlib_narrow  m_ws.l(narrow.o)
    0x08009910   0x08009910   0x000000bc   Code   RO         1022    i.__mathlib_tofloat  m_ws.l(narrow.o)
    0x080099cc   0x080099cc   0x00000016   Code   RO         1099    i.__support_ldexp   m_ws.l(ldexp.o)
    0x080099e2   0x080099e2   0x0000000e   Code   RO          666    i._is_digit         c_w.l(__printf_wp.o)
    0x080099f0   0x080099f0   0x00000058   Code   RO         1063    i.frexp             m_ws.l(frexp.o)
    0x08009a48   0x08009a48   0x00000074   Code   RO         1100    i.ldexp             m_ws.l(ldexp.o)
    0x08009abc   0x08009abc   0x0000001c   Code   RO          763    i.strtod            m_ws.l(strtod.o)
    0x08009ad8   0x08009ad8   0x0000002c   Code   RO          989    locale$$code        c_w.l(lc_ctype_c.o)
    0x08009b04   0x08009b04   0x0000002c   Code   RO          992    locale$$code        c_w.l(lc_numeric_c.o)
    0x08009b30   0x08009b30   0x00000062   Code   RO         1060    x$fpl$d2f           fz_ws.l(d2f.o)
    0x08009b92   0x08009b92   0x00000002   PAD
    0x08009b94   0x08009b94   0x00000150   Code   RO          714    x$fpl$dadd          fz_ws.l(daddsub_clz.o)
    0x08009ce4   0x08009ce4   0x00000010   Code   RO         1121    x$fpl$dcheck1       fz_ws.l(dcheck1.o)
    0x08009cf4   0x08009cf4   0x00000018   Code   RO          901    x$fpl$dcmpinf       fz_ws.l(dcmpi.o)
    0x08009d0c   0x08009d0c   0x00000078   Code   RO          720    x$fpl$deqf          fz_ws.l(deqf.o)
    0x08009d84   0x08009d84   0x0000005e   Code   RO          722    x$fpl$dfix          fz_ws.l(dfix.o)
    0x08009de2   0x08009de2   0x0000002e   Code   RO          727    x$fpl$dflt          fz_ws.l(dflt_clz.o)
    0x08009e10   0x08009e10   0x00000078   Code   RO          732    x$fpl$dleqf         fz_ws.l(dleqf.o)
    0x08009e88   0x08009e88   0x00000154   Code   RO          734    x$fpl$dmul          fz_ws.l(dmul.o)
    0x08009fdc   0x08009fdc   0x0000009c   Code   RO          903    x$fpl$dnaninf       fz_ws.l(dnaninf.o)
    0x0800a078   0x0800a078   0x0000000c   Code   RO          905    x$fpl$dretinf       fz_ws.l(dretinf.o)
    0x0800a084   0x0800a084   0x0000006c   Code   RO          736    x$fpl$drleqf        fz_ws.l(drleqf.o)
    0x0800a0f0   0x0800a0f0   0x000001d4   Code   RO          716    x$fpl$dsub          fz_ws.l(daddsub_clz.o)
    0x0800a2c4   0x0800a2c4   0x00000056   Code   RO          738    x$fpl$f2d           fz_ws.l(f2d.o)
    0x0800a31a   0x0800a31a   0x00000018   Code   RO         1003    x$fpl$fcmpinf       fz_ws.l(fcmpi.o)
    0x0800a332   0x0800a332   0x00000002   PAD
    0x0800a334   0x0800a334   0x00000184   Code   RO          741    x$fpl$fdiv          fz_ws.l(fdiv.o)
    0x0800a4b8   0x0800a4b8   0x00000036   Code   RO          744    x$fpl$ffix          fz_ws.l(ffix.o)
    0x0800a4ee   0x0800a4ee   0x00000002   PAD
    0x0800a4f0   0x0800a4f0   0x00000030   Code   RO          749    x$fpl$fflt          fz_ws.l(fflt_clz.o)
    0x0800a520   0x0800a520   0x00000026   Code   RO          748    x$fpl$ffltu         fz_ws.l(fflt_clz.o)
    0x0800a546   0x0800a546   0x00000002   PAD
    0x0800a548   0x0800a548   0x00000068   Code   RO          907    x$fpl$fleqf         fz_ws.l(fleqf.o)
    0x0800a5b0   0x0800a5b0   0x00000102   Code   RO          754    x$fpl$fmul          fz_ws.l(fmul.o)
    0x0800a6b2   0x0800a6b2   0x0000008c   Code   RO          909    x$fpl$fnaninf       fz_ws.l(fnaninf.o)
    0x0800a73e   0x0800a73e   0x0000000a   Code   RO          911    x$fpl$fretinf       fz_ws.l(fretinf.o)
    0x0800a748   0x0800a748   0x00000062   Code   RO          756    x$fpl$frleqf        fz_ws.l(frleqf.o)
    0x0800a7aa   0x0800a7aa   0x00000006   Code   RO         1011    x$fpl$ieeestatus    fz_ws.l(istatus.o)
    0x0800a7b0   0x0800a7b0   0x00000004   Code   RO          758    x$fpl$printf1       fz_ws.l(printf1.o)
    0x0800a7b4   0x0800a7b4   0x00000064   Code   RO         1161    x$fpl$retnan        fz_ws.l(retnan.o)
    0x0800a818   0x0800a818   0x0000005c   Code   RO         1096    x$fpl$scalbn        fz_ws.l(scalbn.o)
    0x0800a874   0x0800a874   0x00000004   Code   RO          760    x$fpl$scanf1        fz_ws.l(scanf1.o)
    0x0800a878   0x0800a878   0x00000008   Code   RO         1013    x$fpl$scanf2        fz_ws.l(scanf2.o)
    0x0800a880   0x0800a880   0x00000030   Code   RO         1163    x$fpl$trapveneer    fz_ws.l(trapv.o)
    0x0800a8b0   0x0800a8b0   0x00000000   Code   RO          913    x$fpl$usenofp       fz_ws.l(usenofp.o)
    0x0800a8b0   0x0800a8b0   0x00000b67   Data   RO          231    .constdata          oled.o
    0x0800b417   0x0800b417   0x00000028   Data   RO          654    .constdata          c_w.l(_printf_hex_int_ll_ptr.o)
    0x0800b43f   0x0800b43f   0x00000011   Data   RO          674    .constdata          c_w.l(__printf_flags_ss_wp.o)
    0x0800b450   0x0800b450   0x00000008   Data   RO          818    .constdata          c_w.l(_printf_wctomb.o)
    0x0800b458   0x0800b458   0x00000094   Data   RO          962    .constdata          c_w.l(bigflt0.o)
    0x0800b4ec   0x0800b4ec   0x00000018   Data   RO            3    .conststring        main.o
    0x0800b504   0x0800b504   0x00000020   Data   RO         1165    Region$$Table       anon$$obj.o
    0x0800b524   0x0800b524   0x00000008   Data   RO         1005    c$$dinf             fz_ws.l(fpconst.o)
    0x0800b52c   0x0800b52c   0x00000008   Data   RO         1008    c$$dmax             fz_ws.l(fpconst.o)
    0x0800b534   0x0800b534   0x00000110   Data   RO          988    locale$$data        c_w.l(lc_ctype_c.o)
    0x0800b644   0x0800b644   0x0000001c   Data   RO          991    locale$$data        c_w.l(lc_numeric_c.o)


    Execution Region RW_IRAM1 (Exec base: 0x20000000, Load base: 0x0800b660, Size: 0x000007e8, Max: 0x00005000, ABSOLUTE)

    Exec Addr    Load Addr    Size         Type   Attr      Idx    E Section Name        Object

    0x20000000   0x0800b660   0x0000001c   Data   RW            4    .data               main.o
    0x2000001c   0x0800b67c   0x00000014   Data   RW          185    .data               system_stm32f10x.o
    0x20000030   0x0800b690   0x00000004   Data   RW          276    .data               delay.o
    0x20000034   0x0800b694   0x00000009   Data   RW          329    .data               timer.o
    0x2000003d   0x0800b69d   0x00000001   PAD
    0x2000003e   0x0800b69e   0x00000004   Data   RW          345    .data               esp8266.o
    0x20000042   0x0800b6a2   0x00000002   PAD
    0x20000044   0x0800b6a4   0x00000006   Data   RW          392    .data               onenet.o
    0x2000004a   0x0800b6aa   0x00000002   PAD
    0x2000004c   0x0800b6ac   0x00000014   Data   RW          416    .data               cjson.o
    0x20000060   0x0800b6c0   0x00000014   Data   RW          500    .data               stm32f10x_rcc.o
    0x20000074        -       0x00000080   Zero   RW            2    .bss                main.o
    0x200000f4        -       0x00000080   Zero   RW          344    .bss                esp8266.o
    0x20000174        -       0x0000000f   Zero   RW          415    .bss                cjson.o
    0x20000183   0x0800b6d4   0x00000001   PAD
    0x20000184        -       0x00000060   Zero   RW          917    .bss                c_w.l(libspace.o)
    0x200001e4   0x0800b6d4   0x00000004   PAD
    0x200001e8        -       0x00000200   Zero   RW          469    HEAP                startup_stm32f10x_md.o
    0x200003e8        -       0x00000400   Zero   RW          468    STACK               startup_stm32f10x_md.o


==============================================================================

Image component sizes


      Code (inc. data)   RO Data    RW Data    ZI Data      Debug   Object Name

        52          6          0          0          0        476   beep.o
       664         10          0          0          0       3216   bh1750.o
      8856        180          0         20         15      42816   cjson.o
       212         18          0          4          0       1019   delay.o
       440         14          0          0          0       2238   dht11.o
       912        298          0          4        128       3459   esp8266.o
        76          8          0          0          0        483   led.o
       908        296         24         28        128     253512   main.o
       220         22          0          0          0       1777   misc.o
      3580         42          0          0          0      15155   mqttkit.o
      1504         30       2919          0          0       7092   oled.o
      1996        968          0          6          0       6281   onenet.o
        64         26        236          0       1536        788   startup_stm32f10x_md.o
       860         38          0          0          0       5709   stm32f10x_gpio.o
        26          0          0          0          0       1166   stm32f10x_it.o
       932         36          0         20          0       8872   stm32f10x_rcc.o
      3610         88          0          0          0      22816   stm32f10x_tim.o
      1032         22          0          0          0       8432   stm32f10x_usart.o
         0          0          0          0          0         32   sys.o
       480         38          0         20          0       1703   system_stm32f10x.o
       252         38          0          9          0       1127   timer.o
       512         14          0          0          0       3357   usart.o

    ----------------------------------------------------------------------
     27190       2192       3211        116       1808     391526   Object Totals
         0          0         32          0          0          0   (incl. Generated)
         2          0          0          5          1          0   (incl. Padding)

    ----------------------------------------------------------------------

      Code (inc. data)   RO Data    RW Data    ZI Data      Debug   Library Member Name

        60          8          0          0          0         84   __0sscanf.o
        44          6          0          0          0         84   __2sprintf.o
         8          0          0          0          0         68   __main.o
       392          4         17          0          0         92   __printf_flags_ss_wp.o
        14          0          0          0          0         68   __printf_wp.o
         0          0          0          0          0          0   __rtentry.o
        12          0          0          0          0          0   __rtentry2.o
         6          0          0          0          0          0   __rtentry4.o
        52          8          0          0          0          0   __scatter.o
        26          0          0          0          0          0   __scatter_copy.o
        28          0          0          0          0          0   __scatter_zi.o
        28          0          0          0          0         68   _chval.o
         6          0          0          0          0          0   _printf_a.o
         6          0          0          0          0          0   _printf_c.o
        44          0          0          0          0        108   _printf_char.o
        48          6          0          0          0         96   _printf_char_common.o
        40          0          0          0          0         68   _printf_charcount.o
         6          0          0          0          0          0   _printf_d.o
       120         16          0          0          0         92   _printf_dec.o
         6          0          0          0          0          0   _printf_e.o
         6          0          0          0          0          0   _printf_f.o
      1054          0          0          0          0        216   _printf_fp_dec.o
       128         16          0          0          0         84   _printf_fp_infnan.o
         6          0          0          0          0          0   _printf_g.o
       148          4         40          0          0        160   _printf_hex_int_ll_ptr.o
         6          0          0          0          0          0   _printf_i.o
       178          0          0          0          0         88   _printf_intcommon.o
        10          0          0          0          0          0   _printf_l.o
         6          0          0          0          0          0   _printf_lc.o
        10          0          0          0          0          0   _printf_ll.o
         6          0          0          0          0          0   _printf_lld.o
         6          0          0          0          0          0   _printf_lli.o
         6          0          0          0          0          0   _printf_llo.o
         6          0          0          0          0          0   _printf_llu.o
         6          0          0          0          0          0   _printf_llx.o
       124         16          0          0          0         92   _printf_longlong_dec.o
         6          0          0          0          0          0   _printf_ls.o
         6          0          0          0          0          0   _printf_n.o
         6          0          0          0          0          0   _printf_o.o
       112         10          0          0          0        124   _printf_oct_int_ll.o
         6          0          0          0          0          0   _printf_p.o
        78          0          0          0          0        108   _printf_pad.o
         0          0          0          0          0          0   _printf_percent.o
         4          0          0          0          0          0   _printf_percent_end.o
         6          0          0          0          0          0   _printf_s.o
        82          0          0          0          0         80   _printf_str.o
        36          0          0          0          0         84   _printf_truncate.o
         6          0          0          0          0          0   _printf_u.o
        44          0          0          0          0        108   _printf_wchar.o
       188          6          8          0          0         92   _printf_wctomb.o
         6          0          0          0          0          0   _printf_x.o
        22          0          0          0          0        100   _rserrno.o
       884          6          0          0          0        100   _scanf.o
        64          0          0          0          0         84   _sgetc.o
        16          0          0          0          0         68   _snputc.o
        10          0          0          0          0         68   _sputc.o
       158          0          0          0          0         92   _strtoul.o
        64          0          0          0          0         92   _wcrtomb.o
        26          0          0          0          0         80   atoi.o
       228          4        148          0          0         96   bigflt0.o
      2152        136          0          0          0        960   btod.o
        52          4          0          0          0         80   c89vsnprintf.o
        10          0          0          0          0         68   defsig_exit.o
        50          0          0          0          0         88   defsig_general.o
        80         58          0          0          0         76   defsig_rtmem_inner.o
        14          0          0          0          0         80   defsig_rtmem_outer.o
        18          0          0          0          0         80   exit.o
        94          0          0          0          0         80   h1_alloc.o
        52          0          0          0          0         68   h1_extend.o
        78          0          0          0          0         80   h1_free.o
        14          0          0          0          0         84   h1_init.o
       184          0          0          0          0         92   h1_realloc.o
         6          0          0          0          0        152   heapauxi.o
         4          0          0          0          0        136   hguard.o
         0          0          0          0          0          0   indicate_semi.o
       138          0          0          0          0        168   init_alloc.o
        18          0          0          0          0         76   isspace.o
        44         10        272          0          0         76   lc_ctype_c.o
        44         10         28          0          0         76   lc_numeric_c.o
         2          0          0          0          0          0   libinit.o
        38          0          0          0          0          0   libinit2.o
         2          0          0          0          0          0   libshutdown.o
         2          0          0          0          0          0   libshutdown2.o
         8          4          0          0         96         68   libspace.o
        38          0          0          0          0         68   llshl.o
       138          0          0          0          0         80   lludiv10.o
         0          0          0          0          0          0   maybetermalloc1.o
        16          4          0          0          0         76   rt_ctype_table.o
         8          4          0          0          0         68   rt_errno_addr_intlibspace.o
         8          4          0          0          0         68   rt_heap_descriptor_intlibspace.o
         8          4          0          0          0         68   rt_locale_intlibspace.o
        68          0          0          0          0         68   rt_memclr.o
        78          0          0          0          0         80   rt_memclr_w.o
       138          0          0          0          0         68   rt_memcpy_v6.o
       100          0          0          0          0         80   rt_memcpy_w.o
         2          0          0          0          0          0   rtexit.o
        10          0          0          0          0          0   rtexit2.o
        44          8          0          0          0         84   scanf_char.o
      1272         16          0          0          0        168   scanf_fp.o
       800         14          0          0          0        100   scanf_hexfp.o
       308         16          0          0          0        100   scanf_infnan.o
        20          0          0          0          0         68   strchr.o
       128          0          0          0          0         68   strcmpv7m.o
        72          0          0          0          0         80   strcpy.o
        62          0          0          0          0         76   strlen.o
        36          0          0          0          0         76   strncat.o
       150          0          0          0          0         80   strncmp.o
        36          0          0          0          0         80   strstr.o
       164         14          0          0          0        120   strtod.o
       112          0          0          0          0         88   strtol.o
        12          4          0          0          0         68   sys_exit.o
        74          0          0          0          0         80   sys_stackheap_outer.o
        14          0          0          0          0         76   sys_wrch.o
        26          0          0          0          0         76   tolower.o
         2          0          0          0          0         68   use_no_semi.o
        98          4          0          0          0         92   d2f.o
       804         16          0          0          0        272   daddsub_clz.o
        16          4          0          0          0         68   dcheck1.o
        24          0          0          0          0         68   dcmpi.o
       120          4          0          0          0         92   deqf.o
        94          4          0          0          0         92   dfix.o
        46          0          0          0          0         68   dflt_clz.o
       120          4          0          0          0         92   dleqf.o
       340         12          0          0          0        104   dmul.o
       156          4          0          0          0         92   dnaninf.o
        12          0          0          0          0         68   dretinf.o
       108          0          0          0          0         80   drleqf.o
        86          4          0          0          0         84   f2d.o
        24          0          0          0          0         68   fcmpi.o
       388         76          0          0          0         96   fdiv.o
        54          4          0          0          0         84   ffix.o
        86          0          0          0          0        136   fflt_clz.o
       104          4          0          0          0         84   fleqf.o
       258          4          0          0          0         84   fmul.o
       140          4          0          0          0         84   fnaninf.o
         0          0         16          0          0          0   fpconst.o
        10          0          0          0          0         68   fretinf.o
        98          0          0          0          0         68   frleqf.o
         6          0          0          0          0         68   istatus.o
         4          0          0          0          0         68   printf1.o
       100          0          0          0          0         68   retnan.o
        92          0          0          0          0         68   scalbn.o
         4          0          0          0          0         68   scanf1.o
         8          0          0          0          0         84   scanf2.o
        48          0          0          0          0         68   trapv.o
         0          0          0          0          0          0   usenofp.o
        30          6          0          0          0        136   dunder.o
        40          0          0          0          0         68   fpclassify.o
        88          8          0          0          0         76   frexp.o
       138          0          0          0          0        160   ldexp.o
       204          4          0          0          0        168   narrow.o
        28          0          0          0          0         80   strtod.o

    ----------------------------------------------------------------------
     15758        588        529          0        100      10936   Library Totals
        24          2          0          0          4          0   (incl. Padding)

    ----------------------------------------------------------------------

      Code (inc. data)   RO Data    RW Data    ZI Data      Debug   Library Name

     11758        420        513          0         96       7712   c_w.l
      3448        148         16          0          0       2536   fz_ws.l
       528         18          0          0          0        688   m_ws.l

    ----------------------------------------------------------------------
     15758        588        529          0        100      10936   Library Totals

    ----------------------------------------------------------------------

==============================================================================


      Code (inc. data)   RO Data    RW Data    ZI Data      Debug   

     42948       2780       3740        116       1908     394398   Grand Totals
     42948       2780       3740        116       1908     394398   ELF Image Totals
     42948       2780       3740        116          0          0   ROM Totals

==============================================================================

    Total RO  Size (Code + RO Data)                46688 (  45.59kB)
    Total RW  Size (RW Data + ZI Data)              2024 (   1.98kB)
    Total ROM Size (Code + RO Data + RW Data)      46804 (  45.71kB)

==============================================================================

